07-29 20:29:38.374 25934 25934 W example.help_m: Accessing hidden method Ldalvik/system/CloseGuard;->open(Ljava/lang/String;)V (greylist,core-platform-api, reflection, allowed)
07-29 20:29:38.374 25934 25934 W example.help_m: Accessing hidden method Ldalvik/system/CloseGuard;->warnIfOpen()V (greylist,core-platform-api, reflection, allowed)
07-29 20:29:38.387 20881 20902 W audio_hw_generic: Not supplying enough data to HAL, expected position 37793656 , only wrote 37657170
07-29 20:29:38.415 25934 25934 D LoadToScreen: Finish load all
07-29 20:29:38.415 25934 25934 D MainActivity: userInfo finished set up
07-29 20:29:38.418 25934 25934 D LifecycleMonitor: Lifecycle status change: com.example.help_m5.MainActivity@157fa8 in: CREATED
07-29 20:29:38.419 25934 25934 V ActivityScenario: Activity lifecycle changed event received but ignored because the intent does not match. startActivityIntent=Intent { cmp=com.example.help_m5/.LoginActivity }, activity.getIntent()=Intent { cmp=com.example.help_m5/.MainActivity (has extras) }, activity=com.example.help_m5.MainActivity@157fa8
07-29 20:29:38.429 25934 25934 D LifecycleMonitor: Lifecycle status change: com.example.help_m5.MainActivity@157fa8 in: STARTED
07-29 20:29:38.429 25934 25934 V ActivityScenario: Activity lifecycle changed event received but ignored because the intent does not match. startActivityIntent=Intent { cmp=com.example.help_m5/.LoginActivity }, activity.getIntent()=Intent { cmp=com.example.help_m5/.MainActivity (has extras) }, activity=com.example.help_m5.MainActivity@157fa8
07-29 20:29:38.430 25934 25934 D OneSignal: onActivityResumed: com.example.help_m5.MainActivity@157fa8
07-29 20:29:38.431 25934 25934 D OneSignal: curActivity is NOW: com.example.help_m5.MainActivity:com.example.help_m5.MainActivity@157fa8
07-29 20:29:38.431 25934 25934 D OneSignal: ActivityLifecycleHandler handleFocus, nextResumeIsFirstActivity: false
07-29 20:29:38.431 25934 25934 D OneSignal: ActivityLifecycleHandler cancel background lost focus worker
07-29 20:29:38.432 25934 25934 D LifecycleMonitor: Lifecycle status change: com.example.help_m5.MainActivity@157fa8 in: RESUMED
07-29 20:29:38.433 25934 25934 V ActivityScenario: Activity lifecycle changed event received but ignored because the intent does not match. startActivityIntent=Intent { cmp=com.example.help_m5/.LoginActivity }, activity.getIntent()=Intent { cmp=com.example.help_m5/.MainActivity (has extras) }, activity=com.example.help_m5.MainActivity@157fa8
07-29 20:29:38.433 25934 25934 D EntertainmentsFragment: onSearch in onResume: false
07-29 20:29:38.467 25934 25934 D databaseConnection: updateUserInfo params is {user_logo=, _id=lufei8351@gmail.com, username=}
07-29 20:29:38.470  1791 21167 E GnssHAL_GnssInterface: gnssSvStatusCb: a: input svInfo.flags is 8
07-29 20:29:38.470  1791 21167 E GnssHAL_GnssInterface: gnssSvStatusCb: b: input svInfo.flags is 8
07-29 20:29:38.471 25934 25934 D EntertainmentsFragment: current page selfUpdate: 1
07-29 20:29:38.471 25934 25934 D TESTING : posts.json
07-29 20:29:38.471 25934 25934 D TESTING : Not here
07-29 20:29:38.522 25934 25934 D databaseConnection: url in searchFacilities is :http://20.213.243.141:8080/facility/newest
07-29 20:29:38.522 25934 25934 D databaseConnection: {type=0}
07-29 20:29:38.568 25934 25980 D EGL_emulation: eglMakeCurrent: 0xeb0541c0: ver 2 0 (tinfo 0xdfec7300)
07-29 20:29:38.639 25934 25934 W example.help_m: Accessing hidden method Landroid/view/View;->getViewRootImpl()Landroid/view/ViewRootImpl; (greylist, reflection, allowed)
07-29 20:29:38.639 25934 25934 W example.help_m: Accessing hidden field Landroid/view/View$AttachInfo;->mVisibleInsets:Landroid/graphics/Rect; (greylist, reflection, allowed)
07-29 20:29:38.639 25934 25934 W example.help_m: Accessing hidden field Landroid/view/ViewRootImpl;->mAttachInfo:Landroid/view/View$AttachInfo; (greylist, reflection, allowed)
07-29 20:29:38.998  1803  8841 D gralloc_ranchu: gralloc_alloc: Creating ashmem region of size 9334784
07-29 20:29:39.015  1803  8841 I chatty  : uid=1000(system) HwBinder:1803_3 identical 1 line
07-29 20:29:39.021  1803  8841 D gralloc_ranchu: gralloc_alloc: Creating ashmem region of size 9334784
07-29 20:29:39.294 25934 25980 D EGL_emulation: eglMakeCurrent: 0xeb0541c0: ver 2 0 (tinfo 0xdfec7300)
07-29 20:29:39.465 25934 25980 I OpenGLRenderer: Davey! duration=903ms; Flags=1, IntendedVsync=71405410854364, Vsync=71405444187696, OldestInputEvent=9223372036854775807, NewestInputEvent=0, HandleInputStart=71405448144960, AnimationStart=71405448253760, PerformTraversalsStart=71405448350760, DrawStart=71406123315960, SyncQueued=71406145682860, SyncStart=71406160674460, IssueDrawCommandsStart=71406161018560, SwapBuffers=71406285245560, FrameCompleted=71406328898360, DequeueBufferDuration=393000, QueueBufferDuration=823000,
07-29 20:29:39.468 25934 25980 D EGL_emulation: eglMakeCurrent: 0xeb0541c0: ver 2 0 (tinfo 0xdfec7300)
07-29 20:29:39.470  1791 21167 E GnssHAL_GnssInterface: gnssSvStatusCb: a: input svInfo.flags is 8
07-29 20:29:39.470  1791 21167 E GnssHAL_GnssInterface: gnssSvStatusCb: b: input svInfo.flags is 8
07-29 20:29:39.471 25934 25934 I Choreographer: Skipped 52 frames!  The application may be doing too much work on its main thread.
07-29 20:29:39.474 20940 20962 W InputReader: Device has associated, but no associated display id.
07-29 20:29:39.475 20940 20962 I chatty  : uid=1000(system) android.anim identical 8 lines
07-29 20:29:39.475 20940 20962 W InputReader: Device has associated, but no associated display id.
07-29 20:29:39.479 25934 25980 I OpenGLRenderer: Davey! duration=929ms; Flags=1, IntendedVsync=71405410854364, Vsync=71405444187696, OldestInputEvent=9223372036854775807, NewestInputEvent=0, HandleInputStart=71405448144960, AnimationStart=71405448253760, PerformTraversalsStart=71405448350760, DrawStart=71406329978160, SyncQueued=71406330459060, SyncStart=71406333016760, IssueDrawCommandsStart=71406333160960, SwapBuffers=71406337369860, FrameCompleted=71406343023660, DequeueBufferDuration=737000, QueueBufferDuration=401000,
07-29 20:29:39.480 20940 20962 W InputReader: Device has associated, but no associated display id.
07-29 20:29:39.481 20940 20962 I chatty  : uid=1000(system) android.anim identical 8 lines
07-29 20:29:39.481 20940 20962 W InputReader: Device has associated, but no associated display id.
07-29 20:29:39.497 25934 25980 D EGL_emulation: eglMakeCurrent: 0xeb0541c0: ver 2 0 (tinfo 0xdfec7300)
07-29 20:29:39.511 25934 25980 I OpenGLRenderer: Davey! duration=915ms; Flags=1, IntendedVsync=71405457403806, Vsync=71406324070438, OldestInputEvent=9223372036854775807, NewestInputEvent=0, HandleInputStart=71406335455760, AnimationStart=71406335552860, PerformTraversalsStart=71406336087460, DrawStart=71406356886460, SyncQueued=71406359424360, SyncStart=71406361910660, IssueDrawCommandsStart=71406363989760, SwapBuffers=71406369470360, FrameCompleted=71406375041760, DequeueBufferDuration=89000, QueueBufferDuration=235000,
07-29 20:29:39.532 25934 25934 D databaseConnection: updateUserInfo response is {"_id":"lufei8351@gmail.com","account_type":0,"account_status":0,"username":"Peter Na","user_logo":"https:\/\/lh3.googleusercontent.com\/a-\/AOh14Gj8GMMhE_szu5WGr9670fHSjtKnVXth36eNHkk5Rw","number_of_credit":18,"number_of_rate":1650,"number_of_reply":28,"number_of_facility":0}
07-29 20:29:39.535 25934 25934 D LoadToScreen: Finish load all
07-29 20:29:39.550 25934 25934 D databaseConnection: current page db: 1
07-29 20:29:39.554 25934 25934 D databaseConnection: response searchFacilities is: {"result":[[25,0,"the post","this is only used for testing, no meanning for information inside","2022\/6\/30"],[24,0,"the Marit Boys Collage","Royal Canadian College has built up a solid reputation as a caring institution that brings out the best in students. The College offers a first-rate high school ...","2022\/6\/29"],[23,0,"the Vancouver College","Vancouver College is an independent university-preparatory Catholic school for boys located in the Shaughnessy neighbourhood of Vancouver, British Columbia, Canada. Founded in 1922, it is the only independent Catholic all-boys school in British Columbia. Wikipedia","2022\/6\/29"],[22,0,"the alexander college","Alexander College is a private post-secondary institution in Burnaby, British Columbia, Canada. It was established in 2006 under the British Columbia Ministry of Advanced Education.","2022\/6\/29"],[21,0,"the langara college","Langara College is a public degree-granting college in Vancouver, British Columbia, Canada, which serves approximately 22,000 students annually through its university, career, and continuing studies programs.","2022\/6\/29"],[20,0,"the Thompson Rivers University","Thompson Rivers University is a public teaching and research university offering undergraduate and graduate degrees and vocational training. Its main campus is in Kamloops, British Columbia, Canada, and its name comes from the two rivers which converge in Kamloops, the North Thompson and South Thompson.","2022\/6\/29"],[19,0,"the Simon Fraser University","Simon Fraser University is a public research university in British Columbia, Canada, with three campuses: Burnaby, Surrey, and Vancouver.","2022\/6\/29"],[18,0,"the University of Victoria","The University of Victoria is a public research university located in the municipalities of Oak Bay and Saanich, British Columbia, Canada. The university traces its roots to Victoria College, the first post-secondary institution established in the province of British Columbia in 1903.","2022\/6\/29"],[17,0,"the best lol player","Lee \"Faker\" Sang-hyeok  is a League of Legends esports player, currently mid laner and part owner at T1.","2022\/6\/29"],[16,0,"the best singer: Michael Jackson","Michael Joseph Jackson was an American singer, songwriter, and dancer. Dubbed the \"King of Pop\", he is regarded as one of the most significant cultural figures of the 20th century.","2022\/6\/29"],[15,null,"Hello Everyone","hello fellow humans. I am a robot and I have come here to greet everyone here","2022\/6\/27"],[14,null,"Party at tom's house","let's gooooooooooo0ooooooooooooo0ooooooooo0oooooooooo0","2022\/6\/27"],[13,0,"CPEN321 Midterm is coming"," Requirements and Design  \n types of requirements \n use cases \n components and interfaces \n sequence diagrams \n Code quality, code smells \n Testing and analysis \n test coverage \n control flow \n data flow \n symbolic execution","2022\/6\/19"],[12,0,"test 5","ajo;dfm,ahdflah. ajhfakldmadh aeihd ad. iedfhaldfha. fuiajdfl","2022\/6\/14"],[11,0,"engineering","Engineering is the use of scientific principles to design and build machines, structures, and other items, including bridges, tunnels, roads, vehicles, ...","2022\/6\/11"],[10,null,"The University of British Columbia","The University of British Columbia is a global centre for research and teaching, consistently ranked among the top 20 public universities in the world.","2022\/6\/11"],[9,0,"water consumption per canadian per day","If we look at how much we're using every day just at home, the average Canadian uses about 329L of water, the average Quebecer uses 400L of water per person, and, according to the Ville de Montral, the average Montrealer uses 225 L of water per person.","2022\/6\/11"],[8,0,"Ice cream","Ice cream is a sweetened frozen food typically eaten as a snack or dessert. It may be made from milk or cream and is flavoured with a sweetener, either sugar or an alternative, and a spice, such as cocoa or vanilla, or with fruit suc
07-29 20:29:39.594 25934 25934 D EntertainmentsFragment: facility_type in onItemSelected 0
07-29 20:29:39.595 25934 25934 D TESTING : posts.json
07-29 20:29:39.595 25934 25934 D TESTING : Goes here
07-29 20:29:39.744 25934 25934 I ViewInteraction: Performing 'single click' action on view view.getId() is <2131296846/com.example.help_m5:id/spinnerFacility>
07-29 20:29:39.820 25934 25934 W example.help_m: Accessing hidden field Landroid/widget/AbsListView;->mIsChildViewEnabled:Z (greylist, reflection, allowed)
07-29 20:29:39.942  1803  8841 D gralloc_ranchu: gralloc_alloc: Creating ashmem region of size 1732608
07-29 20:29:39.945  1803  8841 I chatty  : uid=1000(system) HwBinder:1803_3 identical 1 line
07-29 20:29:39.950  1803  8841 D gralloc_ranchu: gralloc_alloc: Creating ashmem region of size 1732608
07-29 20:29:40.045 25934 25980 D EGL_emulation: eglMakeCurrent: 0xeb0541c0: ver 2 0 (tinfo 0xdfec7300)
07-29 20:29:40.070 25934 25980 D EGL_emulation: eglMakeCurrent: 0xeb0541c0: ver 2 0 (tinfo 0xdfec7300)
07-29 20:29:40.097 25934 25934 D OneSignal: onActivityStopped: com.example.help_m5.LoginActivity@6c95d2b
07-29 20:29:40.097 25934 25934 D OneSignal: curActivity is NOW: com.example.help_m5.MainActivity:com.example.help_m5.MainActivity@157fa8
07-29 20:29:40.098 25934 25934 D LifecycleMonitor: Lifecycle status change: com.example.help_m5.LoginActivity@6c95d2b in: STOPPED
07-29 20:29:40.098 25934 25934 V ActivityScenario: Update currentActivityStage to STOPPED, currentActivity=com.example.help_m5.LoginActivity@6c95d2b
07-29 20:29:40.116 25934 25980 D EGL_emulation: eglMakeCurrent: 0xeb0541c0: ver 2 0 (tinfo 0xdfec7300)
07-29 20:29:40.130 25934 25980 D EGL_emulation: eglMakeCurrent: 0xeb0541c0: ver 2 0 (tinfo 0xdfec7300)
07-29 20:29:40.173 20940 20966 E memtrack: Couldn't load memtrack module
07-29 20:29:40.174 20940 20966 W android.os.Debug: failed to get memory consumption info: -1
07-29 20:29:40.194 25934 25980 D EGL_emulation: eglMakeCurrent: 0xeb0541c0: ver 2 0 (tinfo 0xdfec7300)
07-29 20:29:40.286 25934 25980 I chatty  : uid=10135(com.example.help_m5) RenderThread identical 5 lines
07-29 20:29:40.301 25934 25980 D EGL_emulation: eglMakeCurrent: 0xeb0541c0: ver 2 0 (tinfo 0xdfec7300)
07-29 20:29:40.469  1791 21167 E GnssHAL_GnssInterface: gnssSvStatusCb: a: input svInfo.flags is 8
07-29 20:29:40.470  1791 21167 E GnssHAL_GnssInterface: gnssSvStatusCb: b: input svInfo.flags is 8
07-29 20:29:40.508 25934 25972 W example.help_m: Accessing hidden method Lsun/misc/Unsafe;->compareAndSwapObject(Ljava/lang/Object;JLjava/lang/Object;Ljava/lang/Object;)Z (greylist, linking, allowed)
07-29 20:29:40.508 25934 25972 W example.help_m: Accessing hidden method Lsun/misc/Unsafe;->getObject(Ljava/lang/Object;J)Ljava/lang/Object; (greylist, linking, allowed)
07-29 20:29:40.511 25934 25934 I ViewInteraction: Performing 'load adapter data' action on view is assignable from class <class android.widget.AdapterView>
07-29 20:29:40.545 25934 25934 I ViewInteraction: Performing 'single click' action on view  displaying data matching: ANYTHING within adapter view matching: is assignable from class <class android.widget.AdapterView>
07-29 20:29:40.675 20881 23137 W audio_hw_generic: Not supplying enough data to HAL, expected position 37657204 , only wrote 37657170
07-29 20:29:40.761 20876 20913 D AF::Track: interceptBuffer: took 491us to intercept 0 tracks
07-29 20:29:40.837 25934 25980 D EGL_emulation: eglMakeCurrent: 0xeb0541c0: ver 2 0 (tinfo 0xdfec7300)
07-29 20:29:40.870 25934 25980 I chatty  : uid=10135(com.example.help_m5) RenderThread identical 2 lines
07-29 20:29:40.884 25934 25980 D EGL_emulation: eglMakeCurrent: 0xeb0541c0: ver 2 0 (tinfo 0xdfec7300)
07-29 20:29:40.892 25934 25934 D EntertainmentsFragment: facility_type in onItemSelected 1
07-29 20:29:40.892 25934 25934 D TESTING : studys.json
07-29 20:29:40.892 25934 25934 D TESTING : Not here
07-29 20:29:40.942 25934 25934 D databaseConnection: url in searchFacilities is :http://20.213.243.141:8080/facility/newest
07-29 20:29:40.942 25934 25934 D databaseConnection: {type=1}
07-29 20:29:40.955 25934 25980 D EGL_emulation: eglMakeCurrent: 0xeb0541c0: ver 2 0 (tinfo 0xdfec7300)
07-29 20:29:40.968 25934 25980 I chatty  : uid=10135(com.example.help_m5) RenderThread identical 1 line
07-29 20:29:41.171 25934 25980 D EGL_emulation: eglMakeCurrent: 0xeb0541c0: ver 2 0 (tinfo 0xdfec7300)
07-29 20:29:41.223 25934 25934 D databaseConnection: current page db: 0
07-29 20:29:41.224 25934 25934 D databaseConnection: response searchFacilities is: {"result":[[10,0,"the studys","used for testing purpose, do not have any usefuil onformation,","2022\/6\/30"],[9,null,"study for midterm","lets study together in the library\n\nmidterm is coming\n\noh god 50 characters","2022\/6\/27"],[8,0.04216867469879518,"ICICS Building","The ICICS building is open 8 am - 5 pm, after which an active key fob or access card is required for access (contact access@icics.ubc.ca to renew\/request). ","2022\/7\/10"],[7,0.0379746835443038,"Fred Kaiser Building","Place for UBC ECE students and stuff with Starbucks and Engineering Services first floor.","2022\/6\/11"],[6,4.2272727272727275,"Earth Sciences Building","The former proposal is for the current Earth Systems Science Building (ESSB) which includes teaching, laboratory, and office spaces for the Department of Earth and Ocean Science (EOS), the Department of Statistics, the Pacific Institute for Mathematical Sciences (PIMS), the Dean of Science, and the Pacific Museum of the Earth (PME).","2022\/07\/06"],[5,0.09090909090909091,"UBC Life Building","The UBC Life Building is a central and vibrant hub to study, work out, grab a bite to eat, and access student services and programs.","2022\/07\/06"],[4,4.3061224489795915,"Ponderosa Study Rooms","Three study rooms located next to Mercante Caf are available on a first-come, first-serve basis. Rooms are furnished with group tables and chairs.","2022\/07\/06"],[3,4.346153846153846,"Woodward Library","The Woodward Library is located on the east side of Health Sciences Mall in the Health Sciences Complex northwest of the UBC Hospital.","2022\/07\/06"],[2,4.276595744680851,"Walter C. Koerner Library","The Walter C. Koerner Library is an academic library at the Vancouver campus of the University of British Columbia. The library is named after Walter C. Koerner, a Canadian businessman and philanthropist.","2022\/07\/06"],[1,2.5,"The Irving K. Barber Learning Centre","The Irving K. Barber Learning Centre is a facility at the Vancouver campus of the University of British Columbia. The Learning Centre is built around the refurbished core of the 1925 UBC Main Library.","2022\/07\/06"]],"length":10,"current_page":1}
07-29 20:29:41.277 25934 25980 D EGL_emulation: eglMakeCurrent: 0xeb0541c0: ver 2 0 (tinfo 0xdfec7300)
07-29 20:29:41.331 25934 25947 I example.help_m: Background young concurrent copying GC freed 18821(1702KB) AllocSpace objects, 6(124KB) LOS objects, 25% free, 5305KB/7163KB, paused 795us total 105.597ms
07-29 20:29:41.469  1791 21167 E GnssHAL_GnssInterface: gnssSvStatusCb: a: input svInfo.flags is 8
07-29 20:29:41.470  1791 21167 E GnssHAL_GnssInterface: gnssSvStatusCb: b: input svInfo.flags is 8
07-29 20:29:41.530 25934 26005 D OneSignal: UserStateSynchronizer internalSyncUserState from session call: true jsonBody: {"app_id":"f38cdc86-9fb7-40a5-8176-68b4115411da"}
07-29 20:29:41.532 25934 26083 D OneSignal: OneSignalRestClient: Making request to: https://api.onesignal.com/players/688b76a7-121d-4e32-b180-2ccaf153874b/on_session
07-29 20:29:41.534 25934 26083 D OneSignal: OneSignalRestClient: POST SEND JSON: {"app_id":"f38cdc86-9fb7-40a5-8176-68b4115411da","device_type":11,"device_player_id":"7ce44931-8db3-4aa9-b2be-68c8cab00713"}
07-29 20:29:41.534 25934 26004 D OneSignal: UserStateSynchronizer internalSyncUserState from session call: true jsonBody: {"app_id":"f38cdc86-9fb7-40a5-8176-68b4115411da"}
07-29 20:29:41.540 25934 26084 D OneSignal: OneSignalRestClient: Making request to: https://api.onesignal.com/players/7ce44931-8db3-4aa9-b2be-68c8cab00713/on_session
07-29 20:29:41.541 25934 26084 D OneSignal: OneSignalRestClient: POST SEND JSON: {"app_id":"f38cdc86-9fb7-40a5-8176-68b4115411da"}
07-29 20:29:41.550 25934 25972 W example.help_m: Accessing hidden method Lsun/misc/Unsafe;->compareAndSwapObject(Ljava/lang/Object;JLjava/lang/Object;Ljava/lang/Object;)Z (greylist, linking, allowed)
07-29 20:29:41.556 25934 25934 I ViewInteraction: Performing 'single click' action on view view.getId() is <2131296499/com.example.help_m5:id/facility3>
07-29 20:29:41.729 25934 26083 V OneSignal: OneSignalRestClient: After con.getResponseCode to: https://api.onesignal.com/players/688b76a7-121d-4e32-b180-2ccaf153874b/on_session
07-29 20:29:41.729 25934 26083 D OneSignal: OneSignalRestClient: Successfully finished request to: https://api.onesignal.com/players/688b76a7-121d-4e32-b180-2ccaf153874b/on_session
07-29 20:29:41.733 25934 26083 D OneSignal: OneSignalRestClient: POST RECEIVED JSON: {"success":true,"id":"688b76a7-121d-4e32-b180-2ccaf153874b"}
07-29 20:29:41.740 25934 26096 D OneSignal: doCreateOrNewSession:response: {"success":true,"id":"688b76a7-121d-4e32-b180-2ccaf153874b"}
07-29 20:29:41.743 25934 26096 I OneSignal: Device registered, UserId = 688b76a7-121d-4e32-b180-2ccaf153874b
07-29 20:29:41.768 25934 26084 V OneSignal: OneSignalRestClient: After con.getResponseCode to: https://api.onesignal.com/players/7ce44931-8db3-4aa9-b2be-68c8cab00713/on_session
07-29 20:29:41.768 25934 26084 D OneSignal: OneSignalRestClient: Successfully finished request to: https://api.onesignal.com/players/7ce44931-8db3-4aa9-b2be-68c8cab00713/on_session
07-29 20:29:41.771 25934 26084 D OneSignal: OneSignalRestClient: POST RECEIVED JSON: {"success":true,"id":"7ce44931-8db3-4aa9-b2be-68c8cab00713"}
07-29 20:29:41.775 25934 26097 D OneSignal: doCreateOrNewSession:response: {"success":true,"id":"7ce44931-8db3-4aa9-b2be-68c8cab00713"}
07-29 20:29:41.776 25934 26097 I OneSignal: Device registered, UserId = 7ce44931-8db3-4aa9-b2be-68c8cab00713
07-29 20:29:41.904 21558 21558 D BoundBrokerSvc: onUnbind: Intent { act=com.google.android.gms.signin.service.START dat=chimera-action:com.google.android.gms.signin.service.START cmp=com.google.android.gms/.chimera.GmsApiService }
07-29 20:29:41.906 25934 25934 D databaseConnection: response getSpecificFacility is: {"_id":8,"facility":{"facility_status":"normal","facilityType":"studys","facilityTitle":"ICICS Building","facilityDescription":"The ICICS building is open 8 am - 5 pm, after which an active key fob or access card is required for access (contact access@icics.ubc.ca to renew\/request). ","timeAdded":"2022\/7\/10","facilityImageLink":"https:\/\/cdn.discordapp.com\/attachments\/984213736652935230\/995916264289599568\/unknown.png","facilityOverallRate":0.04216867469879518,"numberOfRates":83,"longitude":-123.248931,"latitude":49.261267},"reviews":[{"replierID":"deany.y.ca@gmail.com","userName":"Dean Yang","rateScore":0.5,"upVotes":0,"downVotes":0,"replyContent":"sucks","timeOfReply":"2022\/6\/27\/1\/6\/16"},{"replierID":"lufei8351@gmail.com","userName":"Peter Na","rateScore":3,"upVotes":0,"downVotes":0,"replyContent":"cs","timeOfReply":"2022\/6\/29\/8\/41\/13"}],"ratedUser":[{"replierID":"deany.y.ca@gmail.com"},{"replierID":"lufei8351@gmail.com"}],"adderID":""}
07-29 20:29:41.963 25934 25934 D OneSignal: onActivityPaused: com.example.help_m5.MainActivity@157fa8
07-29 20:29:41.963 25934 25934 D OneSignal: ActivityLifecycleHandler Handling lost focus
07-29 20:29:41.964 25934 25934 D OneSignal: Application stopped focus time: 71401619 timeElapsed: 7
07-29 20:29:41.964 25934 25934 D OneSignal: FocusTimeProcessorUnattributed:saveUnsentActiveData with lastFocusTimeInfluences: [SessionInfluence{influenceChannel=iam, influenceType=DISABLED, ids=null}, SessionInfluence{influenceChannel=notification, influenceType=DISABLED, ids=null}]
07-29 20:29:41.964 25934 25934 D OneSignal: FocusTimeProcessorUnattributed:getUnsentActiveTime: 34013
07-29 20:29:41.964 25934 25934 D OneSignal: FocusTimeProcessorUnattributed:saveUnsentActiveTime: 34020
07-29 20:29:41.965 25934 25934 D OneSignal: curActivity is NOW: null
07-29 20:29:41.967 25934 25934 D LifecycleMonitor: Lifecycle status change: com.example.help_m5.MainActivity@157fa8 in: PAUSED
07-29 20:29:41.970 25934 25934 V ActivityScenario: Activity lifecycle changed event received but ignored because the intent does not match. startActivityIntent=Intent { cmp=com.example.help_m5/.LoginActivity }, activity.getIntent()=Intent { cmp=com.example.help_m5/.MainActivity (has extras) }, activity=com.example.help_m5.MainActivity@157fa8
07-29 20:29:41.977 20940 24268 W InputReader: Device has associated, but no associated display id.
07-29 20:29:41.984 20940 24268 I chatty  : uid=1000(system) Binder:20940_1C identical 48 lines
07-29 20:29:41.984 20940 24268 W InputReader: Device has associated, but no associated display id.
07-29 20:29:42.006  1803  8841 D gralloc_ranchu: gralloc_alloc: Creating ashmem region of size 217088
07-29 20:29:42.018  1803  8841 I chatty  : uid=1000(system) HwBinder:1803_3 identical 1 line
07-29 20:29:42.020  1803  8841 D gralloc_ranchu: gralloc_alloc: Creating ashmem region of size 217088
07-29 20:29:42.023 25934 25980 D EGL_emulation: eglMakeCurrent: 0xeb0541c0: ver 2 0 (tinfo 0xdfec7300)
07-29 20:29:42.037 25934 25934 W ActivityThread: handleWindowVisibility: no activity for token android.os.BinderProxy@b0077b0
07-29 20:29:42.066 25934 25934 D LifecycleMonitor: Lifecycle status change: com.example.help_m5.FacilityActivity@29d9147 in: PRE_ON_CREATE
07-29 20:29:42.066 25934 25934 V ActivityScenario: Activity lifecycle changed event received but ignored because the intent does not match. startActivityIntent=Intent { cmp=com.example.help_m5/.LoginActivity }, activity.getIntent()=Intent { cmp=com.example.help_m5/.FacilityActivity (has extras) }, activity=com.example.help_m5.FacilityActivity@29d9147
07-29 20:29:42.170 25934 25934 I System.out: {"_id":8,"facility":{"facility_status":"normal","facilityType":"studys","facilityTitle":"ICICS Building","facilityDescription":"The ICICS building is open 8 am - 5 pm, after which an active key fob or access card is required for access (contact access@icics.ubc.ca to renew\/request). ","timeAdded":"2022\/7\/10","facilityImageLink":"https:\/\/cdn.discordapp.com\/attachments\/984213736652935230\/995916264289599568\/unknown.png","facilityOverallRate":0.04216867469879518,"numberOfRates":83,"longitude":-123.248931,"latitude":49.261267},"reviews":[{"replierID":"deany.y.ca@gmail.com","userName":"Dean Yang","rateScore":0.5,"upVotes":0,"downVotes":0,"replyContent":"sucks","timeOfReply":"2022\/6\/27\/1\/6\/16"},{"replierID":"lufei8351@gmail.com","userName":"Peter Na","rateScore":3,"upVotes":0,"downVotes":0,"replyContent":"cs","timeOfReply":"2022\/6\/29\/8\/41\/13"}],"ratedUser":[{"replierID":"deany.y.ca@gmail.com"},{"replierID":"lufei8351@gmail.com"}],"adderID":""}
07-29 20:29:42.170 25934 25934 D FacilityActivity: type is 1, is Post: false
07-29 20:29:42.195 25934 25934 D MapsInitializer: preferredRenderer: null
07-29 20:29:42.196 25934 25934 D zzca    : preferredRenderer: null
07-29 20:29:42.205 25934 25934 I zzca    : Making Creator dynamically
07-29 20:29:42.218 25934 25934 I DynamiteModule: Considering local module com.google.android.gms.maps_dynamite:0 and remote module com.google.android.gms.maps_dynamite:203115000
07-29 20:29:42.219 25934 25934 I DynamiteModule: Selected remote version of com.google.android.gms.maps_dynamite, version >= 203115000
07-29 20:29:42.219 25934 25934 V DynamiteModule: Dynamite loader version >= 2, using loadModule2NoCrashUtils
07-29 20:29:42.269 25934 25934 I example.help_m: Waiting for a blocking GC ClassLinker
07-29 20:29:42.280 25934 25934 I example.help_m: WaitForGcToComplete blocked ClassLinker on ClassLinker for 10.617ms
07-29 20:29:42.316 25934 25934 I Google Maps Android API: Google Play services client version: 12451000
07-29 20:29:42.384 21441 21441 D BoundBrokerSvc: onBind: Intent { act=com.google.android.gms.phenotype.service.START pkg=com.google.android.gms }
07-29 20:29:42.385 21441 21441 D BoundBrokerSvc: Loading bound service for intent: Intent { act=com.google.android.gms.phenotype.service.START pkg=com.google.android.gms }
07-29 20:29:42.386 25934 25934 W example.help_m: Accessing hidden method Lsun/misc/Unsafe;->putObject(Ljava/lang/Object;JLjava/lang/Object;)V (greylist, linking, allowed)
07-29 20:29:42.394 25934 25934 W example.help_m: Accessing hidden method Lsun/misc/Unsafe;->compareAndSwapObject(Ljava/lang/Object;JLjava/lang/Object;Ljava/lang/Object;)Z (greylist, linking, allowed)
07-29 20:29:42.394 25934 25934 W example.help_m: Accessing hidden method Lsun/misc/Unsafe;->getObject(Ljava/lang/Object;J)Ljava/lang/Object; (greylist, linking, allowed)
07-29 20:29:42.470  1791 21167 E GnssHAL_GnssInterface: gnssSvStatusCb: a: input svInfo.flags is 8
07-29 20:29:42.470  1791 21167 E GnssHAL_GnssInterface: gnssSvStatusCb: b: input svInfo.flags is 8
07-29 20:29:42.484 25934 25934 W example.help_m: Accessing hidden method Lsun/misc/Unsafe;->putInt(Ljava/lang/Object;JI)V (greylist, linking, allowed)
07-29 20:29:42.484 25934 25934 W example.help_m: Accessing hidden method Lsun/misc/Unsafe;->getInt(Ljava/lang/Object;J)I (greylist, linking, allowed)
07-29 20:29:42.484 25934 25934 W example.help_m: Accessing hidden method Lsun/misc/Unsafe;->putLong(Ljava/lang/Object;JJ)V (greylist, linking, allowed)
07-29 20:29:42.484 25934 25934 W example.help_m: Accessing hidden method Lsun/misc/Unsafe;->getObject(Ljava/lang/Object;J)Ljava/lang/Object; (greylist, linking, allowed)
07-29 20:29:42.484 25934 25934 W example.help_m: Accessing hidden method Lsun/misc/Unsafe;->putObject(Ljava/lang/Object;JLjava/lang/Object;)V (greylist, linking, allowed)
07-29 20:29:42.485 25934 25934 W example.help_m: Accessing hidden method Lsun/misc/Unsafe;->getLong(Ljava/lang/Object;J)J (greylist,core-platform-api, linking, allowed)
07-29 20:29:42.498 25934 25934 W example.help_m: Accessing hidden method Lsun/misc/Unsafe;->allocateInstance(Ljava/lang/Class;)Ljava/lang/Object; (greylist, linking, allowed)
07-29 20:29:42.500 25934 25934 W example.help_m: Accessing hidden method Llibcore/io/Memory;->peekLong(JZ)J (greylist, reflection, allowed)
07-29 20:29:42.501 25934 25934 W example.help_m: Accessing hidden method Llibcore/io/Memory;->pokeLong(JJZ)V (greylist, reflection, allowed)
07-29 20:29:42.501 25934 25934 W example.help_m: Accessing hidden method Llibcore/io/Memory;->pokeInt(JIZ)V (greylist, reflection, allowed)
07-29 20:29:42.501 25934 25934 W example.help_m: Accessing hidden method Llibcore/io/Memory;->peekInt(JZ)I (greylist, reflection, allowed)
07-29 20:29:42.501 25934 25934 W example.help_m: Accessing hidden method Llibcore/io/Memory;->pokeByte(JB)V (greylist, reflection, allowed)
07-29 20:29:42.501 25934 25934 W example.help_m: Accessing hidden method Llibcore/io/Memory;->peekByte(J)B (greylist, reflection, allowed)
07-29 20:29:42.501 25934 25934 W example.help_m: Accessing hidden method Llibcore/io/Memory;->pokeByteArray(J[BII)V (greylist, reflection, allowed)
07-29 20:29:42.502 25934 25934 W example.help_m: Accessing hidden method Llibcore/io/Memory;->peekByteArray(J[BII)V (greylist, reflection, allowed)
07-29 20:29:42.503 25934 25934 W example.help_m: Accessing hidden method Lsun/misc/Unsafe;->arrayBaseOffset(Ljava/lang/Class;)I (greylist,core-platform-api, linking, allowed)
07-29 20:29:42.504 25934 25934 W example.help_m: Accessing hidden method Lsun/misc/Unsafe;->getInt(Ljava/lang/Object;J)I (greylist, linking, allowed)
07-29 20:29:42.505 25934 25934 W example.help_m: Accessing hidden method Lsun/misc/Unsafe;->getLong(Ljava/lang/Object;J)J (greylist,core-platform-api, linking, allowed)
07-29 20:29:42.505 25934 25934 W example.help_m: Accessing hidden method Lsun/misc/Unsafe;->getObject(Ljava/lang/Object;J)Ljava/lang/Object; (greylist, linking, allowed)
07-29 20:29:42.506 25934 25934 W example.help_m: Accessing hidden method Lsun/misc/Unsafe;->putInt(Ljava/lang/Object;JI)V (greylist, linking, allowed)
07-29 20:29:42.506 25934 25934 W example.help_m: Accessing hidden method Lsun/misc/Unsafe;->putLong(Ljava/lang/Object;JJ)V (greylist, linking, allowed)
07-29 20:29:42.507 25934 25934 W example.help_m: Accessing hidden method Lsun/misc/Unsafe;->putObject(Ljava/lang/Object;JLjava/lang/Object;)V (greylist, linking, allowed)
07-29 20:29:42.507 25934 25934 W example.help_m: Accessing hidden method Lsun/misc/Unsafe;->arrayIndexScale(Ljava/lang/Class;)I (greylist, linking, allowed)
07-29 20:29:42.508 25934 25934 W example.help_m: Accessing hidden method Lsun/misc/Unsafe;->getLong(Ljava/lang/Object;J)J (greylist,core-platform-api, reflection, allowed)
07-29 20:29:42.508 25934 25934 W example.help_m: Accessing hidden field Ljava/nio/Buffer;->address:J (greylist, reflection, allowed)
07-29 20:29:42.508 25934 25934 W example.help_m: Accessing hidden method Lsun/misc/Unsafe;->getInt(Ljava/lang/Object;J)I (greylist, reflection, allowed)
07-29 20:29:42.509 25934 25934 W example.help_m: Accessing hidden method Lsun/misc/Unsafe;->putInt(Ljava/lang/Object;JI)V (greylist, reflection, allowed)
07-29 20:29:42.509 25934 25934 W example.help_m: Accessing hidden method Lsun/misc/Unsafe;->getLong(Ljava/lang/Object;J)J (greylist,core-platform-api, reflection, allowed)
07-29 20:29:42.509 25934 25934 W example.help_m: Accessing hidden method Lsun/misc/Unsafe;->putLong(Ljava/lang/Object;JJ)V (greylist, reflection, allowed)
07-29 20:29:42.509 25934 25934 W example.help_m: Accessing hidden method Lsun/misc/Unsafe;->getObject(Ljava/lang/Object;J)Ljava/lang/Object; (greylist, reflection, allowed)
07-29 20:29:42.509 25934 25934 W example.help_m: Accessing hidden method Lsun/misc/Unsafe;->putObject(Ljava/lang/Object;JLjava/lang/Object;)V (greylist, reflection, allowed)
07-29 20:29:42.515 25934 25934 W example.help_m: Accessing hidden method Lsun/misc/Unsafe;->putObject(Ljava/lang/Object;JLjava/lang/Object;)V (greylist, linking, allowed)
07-29 20:29:42.515 25934 25934 W example.help_m: Accessing hidden method Lsun/misc/Unsafe;->putInt(Ljava/lang/Object;JI)V (greylist, linking, allowed)
07-29 20:29:42.518 21441 21441 D BoundBrokerSvc: onUnbind: Intent { act=com.google.android.gms.nearby.exposurenotification.START dat=chimera-action:com.google.android.gms.nearby.exposurenotification.START cmp=com.google.android.gms/.chimera.PersistentApiService }
07-29 20:29:42.518 25934 25934 W example.help_m: Accessing hidden method Lsun/misc/Unsafe;->putLong(Ljava/lang/Object;JJ)V (greylist, linking, allowed)
07-29 20:29:42.536 25934 25934 I Google Maps Android API: Google Play services package version: 222615031
07-29 20:29:42.536 25934 25934 I Google Maps Android API: Google Play services maps renderer version(legacy): 203115000
07-29 20:29:42.558 25934 25934 W example.help_m: Accessing hidden method Lsun/misc/Unsafe;->compareAndSwapObject(Ljava/lang/Object;JLjava/lang/Object;Ljava/lang/Object;)Z (greylist, linking, allowed)
07-29 20:29:42.688 25934 25934 W example.help_m: Accessing hidden method Lsun/misc/Unsafe;->putObject(Ljava/lang/Object;JLjava/lang/Object;)V (greylist, linking, allowed)
07-29 20:29:42.692 25934 25934 W example.help_m: Accessing hidden method Lsun/misc/Unsafe;->putInt(Ljava/lang/Object;JI)V (greylist, linking, allowed)
07-29 20:29:42.692 25934 25934 W example.help_m: Accessing hidden method Lsun/misc/Unsafe;->putLong(Ljava/lang/Object;JJ)V (greylist, linking, allowed)
07-29 20:29:42.773 25934 25934 W example.help_m: Accessing hidden method Lsun/misc/Unsafe;->compareAndSwapObject(Ljava/lang/Object;JLjava/lang/Object;Ljava/lang/Object;)Z (greylist, linking, allowed)
07-29 20:29:42.782 25934 25934 D MapsInitializer: loadedRenderer: LEGACY
07-29 20:29:42.782 25934 25934 D zzca    : preferredRenderer: null
07-29 20:29:42.791 25934 25934 I Google Maps Android API: Google Play services package version: 222615031
07-29 20:29:42.792 25934 25934 I Google Maps Android API: Google Play services maps renderer version(legacy): 203115000
07-29 20:29:42.893 21558 21558 D BoundBrokerSvc: onUnbind: Intent { act=com.google.android.gms.feedback.internal.IFeedbackService dat=chimera-action:com.google.android.gms.feedback.internal.IFeedbackService cmp=com.google.android.gms/.chimera.GmsBoundBrokerService }
07-29 20:29:42.943 21441 21441 D BoundBrokerSvc: onUnbind: Intent { act=com.google.android.gms.icing.LIGHTWEIGHT_INDEX_SERVICE dat=chimera-action:com.google.android.gms.icing.LIGHTWEIGHT_INDEX_SERVICE cmp=com.google.android.gms/.chimera.PersistentApiService }
07-29 20:29:42.992 21929 22182 I WorkerManager: dispose()
07-29 20:29:42.992 21929 22182 W A       : (REDACTED) Queue length for executor %s is now %d. Perhaps some tasks are too long, or the pool is too small.
07-29 20:29:43.015 25934 25934 W example.help_m: Accessing hidden method Lsun/misc/Unsafe;->compareAndSwapObject(Ljava/lang/Object;JLjava/lang/Object;Ljava/lang/Object;)Z (greylist, linking, allowed)
07-29 20:29:43.160  9764  9764 I Finsky  : [2] rww.onStartJob(4): SCH: job service start with id 9149.
07-29 20:29:43.171  9764 25819 I Finsky  : [1376] rva.a(45): SCH: Satisfied jobs for 9149 are: 12-1
07-29 20:29:43.174  9764 26129 I Finsky  : [1389] rew.accept(8): SCH: Job 12-1 starting
07-29 20:29:43.175  9764  9764 I Finsky  : [2] ContentSyncJob.v(3): [ContentSync] job started
07-29 20:29:43.183 25934 25949 W System  : A resource failed to call close.
07-29 20:29:43.183 25934 25949 I chatty  : uid=10135(com.example.help_m5) FinalizerDaemon identical 2 lines
07-29 20:29:43.183 25934 25949 W System  : A resource failed to call close.
07-29 20:29:43.269 25934 25934 W example.help_m: Accessing hidden method Lsun/misc/Unsafe;->compareAndSwapObject(Ljava/lang/Object;JLjava/lang/Object;Ljava/lang/Object;)Z (greylist, linking, allowed)
07-29 20:29:43.269 25934 25934 W example.help_m: Accessing hidden method Lsun/misc/Unsafe;->getObject(Ljava/lang/Object;J)Ljava/lang/Object; (greylist, linking, allowed)
07-29 20:29:43.278 25934 25934 W example.help_m: Accessing hidden method Lsun/misc/Unsafe;->getInt(Ljava/lang/Object;J)I (greylist, linking, allowed)
07-29 20:29:43.282 25934 25934 W example.help_m: Accessing hidden method Lsun/misc/Unsafe;->putObject(Ljava/lang/Object;JLjava/lang/Object;)V (greylist, linking, allowed)
07-29 20:29:43.282 25934 25934 W example.help_m: Accessing hidden method Lsun/misc/Unsafe;->putInt(Ljava/lang/Object;JI)V (greylist, linking, allowed)
07-29 20:29:43.289 25934 25934 D LifecycleMonitor: Lifecycle status change: com.example.help_m5.FacilityActivity@29d9147 in: CREATED
07-29 20:29:43.290 25934 25934 V ActivityScenario: Activity lifecycle changed event received but ignored because the intent does not match. startActivityIntent=Intent { cmp=com.example.help_m5/.LoginActivity }, activity.getIntent()=Intent { cmp=com.example.help_m5/.FacilityActivity (has extras) }, activity=com.example.help_m5.FacilityActivity@29d9147
07-29 20:29:43.292  9764 25900 I Finsky  : [1388] frc.i(1): Completed 0 account content syncs with 0 successful.
07-29 20:29:43.293  9764  9764 I Finsky  : [2] ContentSyncJob.a(1): [ContentSync] Installation state replication succeeded.
07-29 20:29:43.293  9764  9764 I Finsky  : [2] rve.r(4): SCH: jobFinished: 12-1. TimeElapsed: 118ms.
07-29 20:29:43.294 25934 25934 D LifecycleMonitor: Lifecycle status change: com.example.help_m5.FacilityActivity@29d9147 in: STARTED
07-29 20:29:43.295 25934 25934 V ActivityScenario: Activity lifecycle changed event received but ignored because the intent does not match. startActivityIntent=Intent { cmp=com.example.help_m5/.LoginActivity }, activity.getIntent()=Intent { cmp=com.example.help_m5/.FacilityActivity (has extras) }, activity=com.example.help_m5.FacilityActivity@29d9147
07-29 20:29:43.296 25934 25934 D OneSignal: onActivityResumed: com.example.help_m5.FacilityActivity@29d9147
07-29 20:29:43.296 25934 25934 D OneSignal: curActivity is NOW: com.example.help_m5.FacilityActivity:com.example.help_m5.FacilityActivity@29d9147
07-29 20:29:43.297 25934 25934 D OneSignal: ActivityLifecycleHandler handleFocus, nextResumeIsFirstActivity: false
07-29 20:29:43.297 25934 25934 D OneSignal: ActivityLifecycleHandler cancel background lost focus worker
07-29 20:29:43.299 25934 25934 W example.help_m: Accessing hidden method Lsun/misc/Unsafe;->compareAndSwapObject(Ljava/lang/Object;JLjava/lang/Object;Ljava/lang/Object;)Z (greylist, linking, allowed)
07-29 20:29:43.324  9764  9816 I Finsky  : [777] rou.accept(43): SCH: Scheduling phonesky job Id: 1-1337, CT: 1659142452490, Constraints: [{ L: 42800740, D: 86000740, C: 1, I: 1, N: 1 }]
07-29 20:29:43.331  9764  9815 I Finsky  : [776] roq.apply(22): SCH: Scheduling 1 system job(s)
07-29 20:29:43.332  9764  9815 I Finsky  : [776] roq.apply(28): SCH: Scheduling system job Id: 9152, L: 33469898, D: 76669898, C: false, I: false, N: 1
07-29 20:29:43.343  9764 26129 I Finsky  : [1389] rww.a(16): SCH: job service finished with id 9149.
07-29 20:29:43.375 25934 25934 D LifecycleMonitor: Lifecycle status change: com.example.help_m5.FacilityActivity@29d9147 in: RESUMED
07-29 20:29:43.376 25934 25934 V ActivityScenario: Activity lifecycle changed event received but ignored because the intent does not match. startActivityIntent=Intent { cmp=com.example.help_m5/.LoginActivity }, activity.getIntent()=Intent { cmp=com.example.help_m5/.FacilityActivity (has extras) }, activity=com.example.help_m5.FacilityActivity@29d9147
07-29 20:29:43.411 25934 25934 D FacilityActivity: image loaded successfully
07-29 20:29:43.470  1791 21167 E GnssHAL_GnssInterface: gnssSvStatusCb: a: input svInfo.flags is 8
07-29 20:29:43.470  1791 21167 E GnssHAL_GnssInterface: gnssSvStatusCb: b: input svInfo.flags is 8
07-29 20:29:43.492 25934 25954 I ba      : Successfully registered with Phenotype.
07-29 20:29:43.597  1803  8841 D gralloc_ranchu: gralloc_alloc: Creating ashmem region of size 9334784
07-29 20:29:43.609  1803  8841 D gralloc_ranchu: gralloc_alloc: Creating ashmem region of size 9334784
07-29 20:29:43.610 25934 26150 W example.help_m: Accessing hidden method Lsun/misc/Unsafe;->getObject(Ljava/lang/Object;J)Ljava/lang/Object; (greylist, linking, allowed)
07-29 20:29:43.610 25934 26150 W example.help_m: Accessing hidden method Lsun/misc/Unsafe;->putObject(Ljava/lang/Object;JLjava/lang/Object;)V (greylist, linking, allowed)
07-29 20:29:43.616  1803  8841 D gralloc_ranchu: gralloc_alloc: Creating ashmem region of size 9334784
07-29 20:29:43.631 25934 26132 D HostConnection: HostConnection::get() New Host Connection established 0xb54aa200, tid 26132
07-29 20:29:43.633 25934 26132 D HostConnection: HostComposition ext ANDROID_EMU_CHECKSUM_HELPER_v1 ANDROID_EMU_dma_v1 ANDROID_EMU_direct_mem ANDROID_EMU_host_composition_v1 ANDROID_EMU_host_composition_v2 ANDROID_EMU_vulkan ANDROID_EMU_deferred_vulkan_commands ANDROID_EMU_vulkan_null_optional_strings ANDROID_EMU_vulkan_create_resources_with_requirements ANDROID_EMU_YUV420_888_to_NV21 ANDROID_EMU_YUV_Cache ANDROID_EMU_vulkan_free_memory_sync ANDROID_EMU_vulkan_shader_float16_int8 ANDROID_EMU_vulkan_async_queue_submit ANDROID_EMU_sync_buffer_data GL_OES_vertex_array_object GL_KHR_texture_compression_astc_ldr ANDROID_EMU_host_side_tracing ANDROID_EMU_gles_max_version_2
07-29 20:29:43.670 25934 26161 W example.help_m: Accessing hidden method Lsun/misc/Unsafe;->getObject(Ljava/lang/Object;J)Ljava/lang/Object; (greylist, linking, allowed)
07-29 20:29:43.670 25934 26161 W example.help_m: Accessing hidden method Lsun/misc/Unsafe;->putObject(Ljava/lang/Object;JLjava/lang/Object;)V (greylist, linking, allowed)
07-29 20:29:43.683 25934 26132 D eglCodecCommon: setVertexArrayObject: set vao to 0 (0) 0 0
07-29 20:29:43.683 25934 26132 D EGL_emulation: eglCreateContext: 0xb543b360: maj 1 min 0 rcv 1
07-29 20:29:43.685  1679  1679 I hwservicemanager: getTransport: Cannot find entry android.hardware.graphics.allocator@3.0::IAllocator/default in either framework or device manifest.
07-29 20:29:43.685 25934 26132 W Gralloc3: allocator 3.x is not supported
07-29 20:29:43.687  1803  2665 D gralloc_ranchu: gralloc_alloc: Creating ashmem region of size 1593344
07-29 20:29:43.716 25934 25980 D EGL_emulation: eglMakeCurrent: 0xeb0541c0: ver 2 0 (tinfo 0xdfec7300)
07-29 20:29:43.721 25934 26161 W example.help_m: Accessing hidden method Lsun/misc/Unsafe;->getObject(Ljava/lang/Object;J)Ljava/lang/Object; (greylist, linking, allowed)
07-29 20:29:43.722 25934 26161 I chatty  : uid=10135(com.example.help_m5) androidmapsapi- identical 1 line
07-29 20:29:43.727 25934 26161 W example.help_m: Accessing hidden method Lsun/misc/Unsafe;->getObject(Ljava/lang/Object;J)Ljava/lang/Object; (greylist, linking, allowed)
07-29 20:29:43.912 25934 25947 I example.help_m: Background concurrent copying GC freed 20879(1135KB) AllocSpace objects, 3(60KB) LOS objects, 49% free, 6087KB/11MB, paused 758us total 128.215ms
07-29 20:29:44.163 25934 26132 D EGL_emulation: eglMakeCurrent: 0xb543b360: ver 1 0 (tinfo 0xbfd562a0)
07-29 20:29:44.177 25934 25980 I OpenGLRenderer: Davey! duration=756ms; Flags=1, IntendedVsync=71410254147483, Vsync=71410337480813, OldestInputEvent=9223372036854775807, NewestInputEvent=0, HandleInputStart=71410348567560, AnimationStart=71410348656660, PerformTraversalsStart=71410348721660, DrawStart=71410477097860, SyncQueued=71410551384860, SyncStart=71410581832260, IssueDrawCommandsStart=71410582335860, SwapBuffers=71411022549960, FrameCompleted=71411041103960, DequeueBufferDuration=233000, QueueBufferDuration=2341000,
07-29 20:29:44.184 25934 25980 D EGL_emulation: eglMakeCurrent: 0xeb0541c0: ver 2 0 (tinfo 0xdfec7300)
07-29 20:29:44.194 25934 25934 I Choreographer: Skipped 41 frames!  The application may be doing too much work on its main thread.
07-29 20:29:44.198 20940 20962 W InputReader: Device has associated, but no associated display id.
07-29 20:29:44.198 25934 25980 I OpenGLRenderer: Davey! duration=801ms; Flags=1, IntendedVsync=71410254147483, Vsync=71410337480813, OldestInputEvent=9223372036854775807, NewestInputEvent=0, HandleInputStart=71410348567560, AnimationStart=71410348656660, PerformTraversalsStart=71410348721660, DrawStart=71411044091160, SyncQueued=71411046464960, SyncStart=71411053569360, IssueDrawCommandsStart=71411054153160, SwapBuffers=71411058182460, FrameCompleted=71411062329060, DequeueBufferDuration=84000, QueueBufferDuration=357000,
07-29 20:29:44.198 20940 20962 W InputReader: Device has associated, but no associated display id.
07-29 20:29:44.199 20940 20962 I chatty  : uid=1000(system) android.anim identical 7 lines
07-29 20:29:44.199 20940 20962 W InputReader: Device has associated, but no associated display id.
07-29 20:29:44.199 25934 25980 D EGL_emulation: eglMakeCurrent: 0xeb0541c0: ver 2 0 (tinfo 0xdfec7300)
07-29 20:29:44.203 20940 20962 W InputReader: Device has associated, but no associated display id.
07-29 20:29:44.204 20940 20962 I chatty  : uid=1000(system) android.anim identical 8 lines
07-29 20:29:44.204 20940 20962 W InputReader: Device has associated, but no associated display id.
07-29 20:29:44.220 25934 25980 I OpenGLRenderer: Davey! duration=716ms; Flags=0, IntendedVsync=71410364306155, Vsync=71411047639461, OldestInputEvent=9223372036854775807, NewestInputEvent=0, HandleInputStart=71411058560460, AnimationStart=71411058786560, PerformTraversalsStart=71411059477760, DrawStart=71411060129560, SyncQueued=71411060220560, SyncStart=71411064306360, IssueDrawCommandsStart=71411065111560, SwapBuffers=71411074704660, FrameCompleted=71411084617360, DequeueBufferDuration=1215000, QueueBufferDuration=1956000,
07-29 20:29:44.223 25934 25980 D EGL_emulation: eglMakeCurrent: 0xeb0541c0: ver 2 0 (tinfo 0xdfec7300)
07-29 20:29:44.240 25934 25980 I OpenGLRenderer: Davey! duration=716ms; Flags=0, IntendedVsync=71410364306155, Vsync=71411047639461, OldestInputEvent=9223372036854775807, NewestInputEvent=0, HandleInputStart=71411058560460, AnimationStart=71411058786560, PerformTraversalsStart=71411059477760, DrawStart=71411065923160, SyncQueued=71411066101960, SyncStart=71411089402960, IssueDrawCommandsStart=71411089616060, SwapBuffers=71411093663660, FrameCompleted=71411104525860, DequeueBufferDuration=1976000, QueueBufferDuration=1877000,
07-29 20:29:44.277 25934 26161 W example.help_m: Accessing hidden method Lsun/misc/Unsafe;->getInt(Ljava/lang/Object;J)I (greylist, linking, allowed)
07-29 20:29:44.278 25934 26161 W example.help_m: Accessing hidden method Lsun/misc/Unsafe;->putObject(Ljava/lang/Object;JLjava/lang/Object;)V (greylist, linking, allowed)
07-29 20:29:44.278 25934 26161 W example.help_m: Accessing hidden method Lsun/misc/Unsafe;->putInt(Ljava/lang/Object;JI)V (greylist, linking, allowed)
07-29 20:29:44.278 25934 26161 W example.help_m: Accessing hidden method Lsun/misc/Unsafe;->putLong(Ljava/lang/Object;JJ)V (greylist, linking, allowed)
07-29 20:29:44.292 25934 25980 D EGL_emulation: eglMakeCurrent: 0xeb0541c0: ver 2 0 (tinfo 0xdfec7300)
07-29 20:29:44.294 25934 26161 W example.help_m: Accessing hidden method Lsun/misc/Unsafe;->getLong(Ljava/lang/Object;J)J (greylist,core-platform-api, linking, allowed)
07-29 20:29:44.330 25934 26161 W example.help_m: Accessing hidden method Lsun/misc/Unsafe;->putObject(Ljava/lang/Object;JLjava/lang/Object;)V (greylist, linking, allowed)
07-29 20:29:44.330 25934 26161 W example.help_m: Accessing hidden method Lsun/misc/Unsafe;->putLong(Ljava/lang/Object;JJ)V (greylist, linking, allowed)
07-29 20:29:44.337 25934 26161 W example.help_m: Accessing hidden method Lsun/misc/Unsafe;->putObject(Ljava/lang/Object;JLjava/lang/Object;)V (greylist, linking, allowed)
07-29 20:29:44.338 25934 26161 W example.help_m: Accessing hidden method Lsun/misc/Unsafe;->putLong(Ljava/lang/Object;JJ)V (greylist, linking, allowed)
07-29 20:29:44.341 25934 26161 W example.help_m: Accessing hidden method Lsun/misc/Unsafe;->putObject(Ljava/lang/Object;JLjava/lang/Object;)V (greylist, linking, allowed)
07-29 20:29:44.341 25934 26161 W example.help_m: Accessing hidden method Lsun/misc/Unsafe;->putLong(Ljava/lang/Object;JJ)V (greylist, linking, allowed)
07-29 20:29:44.351 25934 26161 W example.help_m: Accessing hidden method Lsun/misc/Unsafe;->getLong(Ljava/lang/Object;J)J (greylist,core-platform-api, linking, allowed)
