07-29 20:29:32.486 25934 25972 I TestRunner: started: testLogOutFromFacility(com.example.help_m5.non_functional_tests.LogOutTests)
07-29 20:29:32.494 25934 25965 W example.help_m: Accessing hidden method Lsun/misc/Unsafe;->getUnsafe()Lsun/misc/Unsafe; (greylist,core-platform-api, linking, allowed)
07-29 20:29:32.495 25934 25965 W example.help_m: Accessing hidden method Lsun/misc/Unsafe;->objectFieldOffset(Ljava/lang/reflect/Field;)J (greylist,core-platform-api, linking, allowed)
07-29 20:29:32.495 25934 25965 W example.help_m: Accessing hidden method Lsun/misc/Unsafe;->putObject(Ljava/lang/Object;JLjava/lang/Object;)V (greylist, linking, allowed)
07-29 20:29:32.503 25934 25972 W Settings: Setting always_finish_activities has moved from android.provider.Settings.System to android.provider.Settings.Global, returning read-only value.
07-29 20:29:32.511 25934 25975 D NetworkSecurityConfig: No Network Security Config specified, using platform default
07-29 20:29:32.521 25934 25975 W example.help_m: Accessing hidden method Lsun/misc/Unsafe;->compareAndSwapObject(Ljava/lang/Object;JLjava/lang/Object;Ljava/lang/Object;)Z (greylist, linking, allowed)
07-29 20:29:32.521 25934 25975 W example.help_m: Accessing hidden method Lsun/misc/Unsafe;->getObject(Ljava/lang/Object;J)Ljava/lang/Object; (greylist, linking, allowed)
07-29 20:29:32.545 20940 22097 W InputReader: Device has associated, but no associated display id.
07-29 20:29:32.549 20940 22097 I chatty  : uid=1000(system) Binder:20940_14 identical 28 lines
07-29 20:29:32.549 20940 22097 W InputReader: Device has associated, but no associated display id.
07-29 20:29:32.553 25934 25934 W ActivityThread: handleWindowVisibility: no activity for token android.os.BinderProxy@e68b01f
07-29 20:29:32.553 20940 22097 W InputReader: Device has associated, but no associated display id.
07-29 20:29:32.554 20940 22097 I chatty  : uid=1000(system) Binder:20940_14 identical 8 lines
07-29 20:29:32.554 20940 22097 W InputReader: Device has associated, but no associated display id.
07-29 20:29:32.561 20940 20962 E system_server: Invalid ID 0x00000000.
07-29 20:29:32.572 13505 13510 E SurfaceFlinger: ro.sf.lcd_density must be defined as a build property
07-29 20:29:32.575 13505 13662 E SurfaceFlinger: ro.sf.lcd_density must be defined as a build property
07-29 20:29:32.594 25934 25982 D libEGL  : Emulator has host GPU support, qemu.gles is set to 1.
07-29 20:29:32.600 25934 25934 D LifecycleMonitor: Lifecycle status change: androidx.test.core.app.InstrumentationActivityInvoker$BootstrapActivity@85cf935 in: PRE_ON_CREATE
07-29 20:29:32.604  1803  8841 D gralloc_ranchu: gralloc_alloc: Creating ashmem region of size 9334784
07-29 20:29:32.621 25934 25982 W libc    : Unable to set property "qemu.gles" to "1": connection failed; errno=13 (Permission denied)
07-29 20:29:32.669 25934 25934 V ActivityScenario: Activity lifecycle changed event received but ignored because the intent does not match. startActivityIntent=Intent { cmp=com.example.help_m5/.LoginActivity }, activity.getIntent()=Intent { act=android.intent.action.MAIN cat=[android.intent.category.LAUNCHER] flg=0x10008000 cmp=com.example.help_m5/androidx.test.core.app.InstrumentationActivityInvoker$BootstrapActivity (has extras) }, activity=androidx.test.core.app.InstrumentationActivityInvoker$BootstrapActivity@85cf935
07-29 20:29:32.579 25934 25934 W RenderThread: type=1400 audit(0.0:542): avc: denied { write } for name="property_service" dev="tmpfs" ino=6938 scontext=u:r:untrusted_app:s0:c135,c256,c512,c768 tcontext=u:object_r:property_socket:s0 tclass=sock_file permissive=0
07-29 20:29:32.772 20940 20962 W InputReader: Device has associated, but no associated display id.
07-29 20:29:32.773 20940 20962 I chatty  : uid=1000(system) android.anim identical 8 lines
07-29 20:29:32.773 20940 20962 W InputReader: Device has associated, but no associated display id.
07-29 20:29:32.789 21271 21814 D EGL_emulation: eglMakeCurrent: 0xd7e1a2a0: ver 2 0 (tinfo 0xd7e0f520)
07-29 20:29:32.791 21929 22311 D EGL_emulation: eglMakeCurrent: 0xd7e1c580: ver 2 0 (tinfo 0xd7e22580)
07-29 20:29:32.801 25934 25982 D libEGL  : loaded /vendor/lib/egl/libEGL_emulation.so
07-29 20:29:32.805 25934 25982 D libEGL  : loaded /vendor/lib/egl/libGLESv1_CM_emulation.so
07-29 20:29:32.805 21066 21362 D EGL_emulation: eglMakeCurrent: 0xd7e1a1e0: ver 2 0 (tinfo 0xd7e0f610)
07-29 20:29:32.835 25934 25934 D LifecycleMonitor: Lifecycle status change: androidx.test.core.app.InstrumentationActivityInvoker$BootstrapActivity@85cf935 in: CREATED
07-29 20:29:32.836 25934 25934 V ActivityScenario: Activity lifecycle changed event received but ignored because the intent does not match. startActivityIntent=Intent { cmp=com.example.help_m5/.LoginActivity }, activity.getIntent()=Intent { act=android.intent.action.MAIN cat=[android.intent.category.LAUNCHER] flg=0x10008000 cmp=com.example.help_m5/androidx.test.core.app.InstrumentationActivityInvoker$BootstrapActivity (has extras) }, activity=androidx.test.core.app.InstrumentationActivityInvoker$BootstrapActivity@85cf935
07-29 20:29:32.838 25934 25982 D libEGL  : loaded /vendor/lib/egl/libGLESv2_emulation.so
07-29 20:29:32.844 25934 25934 D LifecycleMonitor: Lifecycle status change: androidx.test.core.app.InstrumentationActivityInvoker$BootstrapActivity@85cf935 in: STARTED
07-29 20:29:32.845 25934 25934 V ActivityScenario: Activity lifecycle changed event received but ignored because the intent does not match. startActivityIntent=Intent { cmp=com.example.help_m5/.LoginActivity }, activity.getIntent()=Intent { act=android.intent.action.MAIN cat=[android.intent.category.LAUNCHER] flg=0x10008000 cmp=com.example.help_m5/androidx.test.core.app.InstrumentationActivityInvoker$BootstrapActivity (has extras) }, activity=androidx.test.core.app.InstrumentationActivityInvoker$BootstrapActivity@85cf935
07-29 20:29:32.887 25934 25934 D LifecycleMonitor: Lifecycle status change: androidx.test.core.app.InstrumentationActivityInvoker$BootstrapActivity@85cf935 in: RESUMED
07-29 20:29:32.892 25934 25934 V ActivityScenario: Activity lifecycle changed event received but ignored because the intent does not match. startActivityIntent=Intent { cmp=com.example.help_m5/.LoginActivity }, activity.getIntent()=Intent { act=android.intent.action.MAIN cat=[android.intent.category.LAUNCHER] flg=0x10008000 cmp=com.example.help_m5/androidx.test.core.app.InstrumentationActivityInvoker$BootstrapActivity (has extras) }, activity=androidx.test.core.app.InstrumentationActivityInvoker$BootstrapActivity@85cf935
07-29 20:29:32.903 25934 25934 D LifecycleMonitor: Lifecycle status change: androidx.test.core.app.InstrumentationActivityInvoker$BootstrapActivity@85cf935 in: PAUSED
07-29 20:29:32.905 25934 25934 V ActivityScenario: Activity lifecycle changed event received but ignored because the intent does not match. startActivityIntent=Intent { cmp=com.example.help_m5/.LoginActivity }, activity.getIntent()=Intent { act=android.intent.action.MAIN cat=[android.intent.category.LAUNCHER] flg=0x10008000 cmp=com.example.help_m5/androidx.test.core.app.InstrumentationActivityInvoker$BootstrapActivity (has extras) }, activity=androidx.test.core.app.InstrumentationActivityInvoker$BootstrapActivity@85cf935
07-29 20:29:32.908 20940 21719 W InputReader: Device has associated, but no associated display id.
07-29 20:29:32.922 20940 21719 I chatty  : uid=1000(system) Binder:20940_B identical 58 lines
07-29 20:29:32.922 20940 21719 W InputReader: Device has associated, but no associated display id.
07-29 20:29:32.926 25934 25934 W ActivityThread: handleWindowVisibility: no activity for token android.os.BinderProxy@76f7022
07-29 20:29:32.969 21929 20914 I PBSessionCacheImpl: (REDACTED) Deleted sessionId[%d] from persistence.
07-29 20:29:33.000 21929 22182 I A       : getLocaleToModelSpecsMap
07-29 20:29:33.001 21929 22182 I A       : Using proto config with mendel
07-29 20:29:33.003 21929 22182 I A       : getLocaleToModelSpecsMap
07-29 20:29:33.003 21929 22182 I A       : Using proto config with mendel
07-29 20:29:33.004 21929 22182 W SearchServiceCore: Abort, client detached.
07-29 20:29:33.008 21929 22182 I MicroDetectionState: (REDACTED) Should stop hotword detection immediately - %b
07-29 20:29:33.010 21929 22182 I A       : getLocaleToModelSpecsMap
07-29 20:29:33.011 21929 22182 I A       : Using proto config with mendel
07-29 20:29:33.012 21929 22182 I A       : getLocaleToModelSpecsMap
07-29 20:29:33.012 21929 22182 I A       : Using proto config with mendel
07-29 20:29:33.108 25934 25934 D LifecycleMonitor: Lifecycle status change: com.example.help_m5.LoginActivity@6c95d2b in: PRE_ON_CREATE
07-29 20:29:33.109 25934 25934 V ActivityScenario: Activity lifecycle changed event received but ignored because the reported transition was not ON_CREATE while the last known transition was PRE_ON_CREATE
07-29 20:29:33.220 25934 25934 W example.help_m: Accessing hidden method Landroid/view/View;->computeFitSystemWindows(Landroid/graphics/Rect;Landroid/graphics/Rect;)Z (greylist, reflection, allowed)
07-29 20:29:33.220 25934 25934 W example.help_m: Accessing hidden method Landroid/view/ViewGroup;->makeOptionalFitsSystemWindows()V (greylist, reflection, allowed)
07-29 20:29:33.386 25934 25934 I example.help_m: The ClassLoaderContext is a special shared library.
07-29 20:29:33.400 25934 25934 I example.help_m: The ClassLoaderContext is a special shared library.
07-29 20:29:33.458 25934 25934 I DynamiteModule: Considering local module com.google.android.gms.signinbutton_dynamite:0 and remote module com.google.android.gms.signinbutton_dynamite:2
07-29 20:29:33.463 25934 25934 I DynamiteModule: Selected remote version of com.google.android.gms.signinbutton_dynamite, version >= 2
07-29 20:29:33.469  1791 21167 E GnssHAL_GnssInterface: gnssSvStatusCb: a: input svInfo.flags is 8
07-29 20:29:33.469  1791 21167 E GnssHAL_GnssInterface: gnssSvStatusCb: b: input svInfo.flags is 8
07-29 20:29:33.811 25934 25934 D OneSignal: Adding a task to the pending queue with ID: 1
07-29 20:29:33.811 25934 25934 D OneSignal: startPendingTasks with task queue quantity: 1
07-29 20:29:33.823 25934 25988 D OneSignal: Retrieved IAMs from DB redisplayedInAppMessages: []
07-29 20:29:33.824 25934 25988 I OneSignal: Last Pending Task has ran, shutting down
07-29 20:29:33.830 25934 25989 D OneSignal: Attempted to clean 6 month old IAM data, but none exists!
07-29 20:29:33.847 25934 25934 D OneSignal: OneSignal InAppMessageTracker initInfluencedTypeFromCache: OSChannelTracker{tag=iam_id, influenceType=UNATTRIBUTED, indirectIds=null, directId=null}
07-29 20:29:33.848 25934 25934 D OneSignal: OneSignal NotificationTracker initInfluencedTypeFromCache: OSChannelTracker{tag=notification_id, influenceType=UNATTRIBUTED, indirectIds=null, directId=null}
07-29 20:29:33.855 25934 25934 D OneSignal: OneSignal getUnattributedUniqueOutcomeEventsSentByChannel: []
07-29 20:29:33.860 25934 25934 V OneSignal: appContext set and cached app id found, calling setAppId with: f38cdc86-9fb7-40a5-8176-68b4115411da
07-29 20:29:33.860 25934 25934 V OneSignal: setAppId called with id: f38cdc86-9fb7-40a5-8176-68b4115411da changing id from: null
07-29 20:29:33.861 25934 25934 V OneSignal: Starting OneSignal initialization!
07-29 20:29:33.864 25934 25934 V OneSignal: No class found, not setting up OSRemoteNotificationReceivedHandler
07-29 20:29:33.864 25934 25934 V OneSignal: OneSignal SDK initialization delayed, waiting for remote params.
07-29 20:29:33.868 25934 25934 D OneSignal: Starting request to get Android parameters.
07-29 20:29:33.872 25934 25934 V OneSignal: setAppId called with id: f38cdc86-9fb7-40a5-8176-68b4115411da changing id from: null
07-29 20:29:33.872 25934 25934 V OneSignal: Starting OneSignal initialization!
07-29 20:29:33.874 25934 25934 V OneSignal: No class found, not setting up OSRemoteNotificationReceivedHandler
07-29 20:29:33.875 25934 25934 V OneSignal: OneSignal SDK initialization delayed, waiting for remote params.
07-29 20:29:33.874 25934 25993 D OneSignal: OneSignalRestClient: Making request to: https://api.onesignal.com/apps/f38cdc86-9fb7-40a5-8176-68b4115411da/android_params.js?player_id=7ce44931-8db3-4aa9-b2be-68c8cab00713
07-29 20:29:33.875 25934 25934 I System.out: 21231
07-29 20:29:33.896  1679  1679 E SELinux : avc:  denied  { find } for interface=android.hardware.memtrack::IMemtrack sid=u:r:priv_app:s0:c512,c768 pid=24128 scontext=u:r:priv_app:s0:c512,c768 tcontext=u:object_r:hal_memtrack_hwservice:s0 tclass=hwservice_manager permissive=0
07-29 20:29:33.896 24128 25990 E memtrack: Couldn't load memtrack module
07-29 20:29:33.896 24128 25990 W android.os.Debug: failed to get memory consumption info: -1
07-29 20:29:33.916 25934 25993 D OneSignal: OneSignalRestClient: Adding header if-none-match: W/"a9afb8ce30d91d014f1a005c8f7f071c"
07-29 20:29:34.059 21558 21558 D BoundBrokerSvc: onBind: Intent { act=com.google.android.gms.auth.api.signin.service.START pkg=com.google.android.gms }
07-29 20:29:34.060 21558 21558 D BoundBrokerSvc: Loading bound service for intent: Intent { act=com.google.android.gms.auth.api.signin.service.START pkg=com.google.android.gms }
07-29 20:29:34.100 25934 25934 D LifecycleMonitor: Lifecycle status change: com.example.help_m5.LoginActivity@6c95d2b in: CREATED
07-29 20:29:34.100 25934 25934 V ActivityScenario: Update currentActivityStage to CREATED, currentActivity=com.example.help_m5.LoginActivity@6c95d2b
07-29 20:29:34.124 25934 25934 D LifecycleMonitor: Lifecycle status change: com.example.help_m5.LoginActivity@6c95d2b in: STARTED
07-29 20:29:34.125 25934 25934 V ActivityScenario: Update currentActivityStage to STARTED, currentActivity=com.example.help_m5.LoginActivity@6c95d2b
07-29 20:29:34.126 25934 25934 D OneSignal: onActivityResumed: com.example.help_m5.LoginActivity@6c95d2b
07-29 20:29:34.127 25934 25934 D OneSignal: curActivity is NOW: com.example.help_m5.LoginActivity:com.example.help_m5.LoginActivity@6c95d2b
07-29 20:29:34.127 25934 25934 D OneSignal: ActivityLifecycleHandler handleFocus, nextResumeIsFirstActivity: false
07-29 20:29:34.127 25934 25934 D OneSignal: ActivityLifecycleHandler cancel background lost focus worker
07-29 20:29:34.141 25934 25934 D LifecycleMonitor: Lifecycle status change: com.example.help_m5.LoginActivity@6c95d2b in: RESUMED
07-29 20:29:34.142 25934 25934 V ActivityScenario: Update currentActivityStage to RESUMED, currentActivity=com.example.help_m5.LoginActivity@6c95d2b
07-29 20:29:34.222 21441 23658 I FontLog : Received query Noto Color Emoji Compat, URI content://com.google.android.gms.fonts [CONTEXT service_id=132 ]
07-29 20:29:34.222 21441 23658 I FontLog : Query [emojicompat-emoji-font] resolved to {Noto Color Emoji Compat, wdth 100.0, wght 400, ital 0.0, bestEffort false} [CONTEXT service_id=132 ]
07-29 20:29:34.227 21441 23658 I FontLog : Fetch {Noto Color Emoji Compat, wdth 100.0, wght 400, ital 0.0, bestEffort false} end status Status{statusCode=SUCCESS, resolution=null} [CONTEXT service_id=132 ]
07-29 20:29:34.252 21441  7271 I FontLog : Pulling font file for id = 81, cache size = 4 [CONTEXT service_id=132 ]
07-29 20:29:34.270 25934 25980 D HostConnection: HostConnection::get() New Host Connection established 0xd4977670, tid 25980
07-29 20:29:34.277 21441  7271 I FontLog : Pulling font file for id = 81, cache size = 4 [CONTEXT service_id=132 ]
07-29 20:29:34.284 25934 25980 D HostConnection: HostComposition ext ANDROID_EMU_CHECKSUM_HELPER_v1 ANDROID_EMU_dma_v1 ANDROID_EMU_direct_mem ANDROID_EMU_host_composition_v1 ANDROID_EMU_host_composition_v2 ANDROID_EMU_vulkan ANDROID_EMU_deferred_vulkan_commands ANDROID_EMU_vulkan_null_optional_strings ANDROID_EMU_vulkan_create_resources_with_requirements ANDROID_EMU_YUV420_888_to_NV21 ANDROID_EMU_YUV_Cache ANDROID_EMU_vulkan_free_memory_sync ANDROID_EMU_vulkan_shader_float16_int8 ANDROID_EMU_vulkan_async_queue_submit ANDROID_EMU_sync_buffer_data GL_OES_vertex_array_object GL_KHR_texture_compression_astc_ldr ANDROID_EMU_host_side_tracing ANDROID_EMU_gles_max_version_2
07-29 20:29:34.294 25934 25980 W OpenGLRenderer: Failed to choose config with EGL_SWAP_BEHAVIOR_PRESERVED, retrying without...
07-29 20:29:34.316 25934 25980 D eglCodecCommon: setVertexArrayObject: set vao to 0 (0) 0 0
07-29 20:29:34.317 25934 25980 D EGL_emulation: eglCreateContext: 0xeb0541c0: maj 2 min 0 rcv 2
07-29 20:29:34.322 25934 25980 D EGL_emulation: eglMakeCurrent: 0xeb0541c0: ver 2 0 (tinfo 0xdfec7300)
07-29 20:29:34.333 25934 25972 D EventInjectionStrategy: Creating injection strategy with input manager.
07-29 20:29:34.337 25934 25972 W example.help_m: Accessing hidden method Landroid/hardware/input/InputManager;->getInstance()Landroid/hardware/input/InputManager; (greylist, reflection, allowed)
07-29 20:29:34.337 25934 25972 W example.help_m: Accessing hidden method Landroid/hardware/input/InputManager;->injectInputEvent(Landroid/view/InputEvent;I)Z (greylist, reflection, allowed)
07-29 20:29:34.337 25934 25972 W example.help_m: Accessing hidden field Landroid/hardware/input/InputManager;->INJECT_INPUT_EVENT_MODE_WAIT_FOR_FINISH:I (greylist, reflection, allowed)
07-29 20:29:34.349  1803  8841 D gralloc_ranchu: gralloc_alloc: Creating ashmem region of size 9334784
07-29 20:29:34.361  1679  1679 I hwservicemanager: getTransport: Cannot find entry android.hardware.graphics.mapper@3.0::IMapper/default in either framework or device manifest.
07-29 20:29:34.361 25934 25980 W Gralloc3: mapper 3.x is not supported
07-29 20:29:34.448 25934 25980 D HostConnection: createUnique: call
07-29 20:29:34.452 25934 25980 D HostConnection: HostConnection::get() New Host Connection established 0xbfd8bff0, tid 25980
07-29 20:29:34.457 25934 25980 D HostConnection: HostComposition ext ANDROID_EMU_CHECKSUM_HELPER_v1 ANDROID_EMU_dma_v1 ANDROID_EMU_direct_mem ANDROID_EMU_host_composition_v1 ANDROID_EMU_host_composition_v2 ANDROID_EMU_vulkan ANDROID_EMU_deferred_vulkan_commands ANDROID_EMU_vulkan_null_optional_strings ANDROID_EMU_vulkan_create_resources_with_requirements ANDROID_EMU_YUV420_888_to_NV21 ANDROID_EMU_YUV_Cache ANDROID_EMU_vulkan_free_memory_sync ANDROID_EMU_vulkan_shader_float16_int8 ANDROID_EMU_vulkan_async_queue_submit ANDROID_EMU_sync_buffer_data GL_OES_vertex_array_object GL_KHR_texture_compression_astc_ldr ANDROID_EMU_host_side_tracing ANDROID_EMU_gles_max_version_2
07-29 20:29:34.460  1920  1920 E wifi_forwarder: RemoteConnection failed to initialize: RemoteConnection failed to open pipe
07-29 20:29:34.460 25934 25980 D eglCodecCommon: allocate: Ask for block of size 0x1000
07-29 20:29:34.461 25934 25980 D eglCodecCommon: allocate: ioctl allocate returned offset 0x3ff708000 size 0x2000
07-29 20:29:34.469  1803  8841 D gralloc_ranchu: gralloc_alloc: Creating ashmem region of size 9334784
07-29 20:29:34.470  1791 21167 E GnssHAL_GnssInterface: gnssSvStatusCb: a: input svInfo.flags is 8
07-29 20:29:34.470  1791 21167 E GnssHAL_GnssInterface: gnssSvStatusCb: b: input svInfo.flags is 8
07-29 20:29:34.482  1803  8841 D gralloc_ranchu: gralloc_alloc: Creating ashmem region of size 9334784
07-29 20:29:34.534 25934 25980 D EGL_emulation: eglMakeCurrent: 0xeb0541c0: ver 2 0 (tinfo 0xdfec7300)
07-29 20:29:34.573 25934 25980 D eglCodecCommon: setVertexArrayObject: set vao to 0 (0) 1 0
07-29 20:29:34.634 25934 25993 V OneSignal: OneSignalRestClient: After con.getResponseCode to: https://api.onesignal.com/apps/f38cdc86-9fb7-40a5-8176-68b4115411da/android_params.js?player_id=7ce44931-8db3-4aa9-b2be-68c8cab00713
07-29 20:29:34.634 25934 25993 D OneSignal: OneSignalRestClient: GET - Using Cached response due to 304: {"awl_list":{},"android_sender_id":"156856657649","chnl_lst":[],"enterp":true,"outcomes":{"direct":{"enabled":false},"indirect":{"notification_attribution":{"minutes_since_displayed":60,"limit":10},"enabled":false},"unattributed":{"enabled":false}},"receive_receipts_enable":true}
07-29 20:29:34.686 25934 26003 D OneSignal: OneSignal saveInfluenceParams: InfluenceParams{indirectNotificationAttributionWindow=60, notificationLimit=10, indirectIAMAttributionWindow=1440, iamLimit=10, directEnabled=false, indirectEnabled=false, unattributedEnabled=false}
07-29 20:29:34.688 25934 26003 D OneSignal: reassignDelayedInitParams with appContext: android.app.Application@a9a40c8
07-29 20:29:34.689 25934 26003 V OneSignal: setAppId called with id: f38cdc86-9fb7-40a5-8176-68b4115411da changing id from: null
07-29 20:29:34.689 25934 26003 V OneSignal: Starting OneSignal initialization!
07-29 20:29:34.695 25934 26003 V OneSignal: No class found, not setting up OSRemoteNotificationReceivedHandler
07-29 20:29:34.705 25934 26003 D OneSignal: OneSignal handleActivityLifecycleHandler inForeground: true
07-29 20:29:34.755 25934 26003 D OneSignal: Application foregrounded focus time: 71401619
07-29 20:29:34.846 25934 26003 D OneSignal: isPastOnSessionTime currentTimeMillis: 1659151774845 lastSessionTime: 1659151649861 difference: 124984
07-29 20:29:34.848 25934 26003 D OneSignal: Starting new session with appEntryState: APP_CLOSE
07-29 20:29:34.873 25934 26003 D OneSignal: OneSignal cleanOutcomes for session
07-29 20:29:34.874 25934 26003 D OneSignal: OneSignal save unattributedUniqueOutcomeEvents: []
07-29 20:29:34.876 25934 26003 D OneSignal: OneSignal SessionManager restartSessionIfNeeded with entryAction: APP_CLOSE
07-29 20:29:34.876 25934 26003 D OneSignal:  channelTrackers: []
07-29 20:29:34.876 25934 26003 D OneSignal: OneSignal SessionManager sendSessionEndingWithInfluences with influences: []
07-29 20:29:34.876 25934 26003 D OneSignal: Last session time set to: 1659151774876
07-29 20:29:34.879 25934 26003 D OneSignal: initWithCachedInAppMessages: null
07-29 20:29:34.881 25934 25934 I Choreographer: Skipped 41 frames!  The application may be doing too much work on its main thread.
07-29 20:29:34.892 20940 20966 I ActivityTaskManager: Displayed com.example.help_m5/.LoginActivity: +2s366ms
07-29 20:29:34.900 25934 26003 D OneSignal: LocationController sendAndClearPromptHandlers from non prompt flow
07-29 20:29:34.921 25934 25947 I example.help_m: NativeAlloc concurrent copying GC freed 39620(3249KB) AllocSpace objects, 22(544KB) LOS objects, 49% free, 3581KB/7163KB, paused 2.300ms total 571.030ms
07-29 20:29:34.952 25934 26003 D OneSignal: registerUser:registerForPushFired:false, locationFired: true, remoteParams: com.onesignal.OneSignalRemoteParams$2@d3d13e0, appId: f38cdc86-9fb7-40a5-8176-68b4115411da
07-29 20:29:34.952 25934 26003 D OneSignal: registerUser not possible
07-29 20:29:34.966 25934 26007 I OneSignal: Restoring notifications
07-29 20:29:34.968 25934 26007 I OneSignal: Querying DB for notifications to restore: created_time > 1658546974 AND dismissed = 0 AND opened = 0 AND is_summary = 0 AND expire_time > 1659151774
07-29 20:29:34.970 25934 25934 D OneSignal: onActivityStopped: androidx.test.core.app.InstrumentationActivityInvoker$BootstrapActivity@85cf935
07-29 20:29:34.972 25934 25934 D OneSignal: curActivity is NOW: com.example.help_m5.LoginActivity:com.example.help_m5.LoginActivity@6c95d2b
07-29 20:29:34.972 25934 25934 D LifecycleMonitor: Lifecycle status change: androidx.test.core.app.InstrumentationActivityInvoker$BootstrapActivity@85cf935 in: STOPPED
07-29 20:29:34.973 25934 25934 V ActivityScenario: Activity lifecycle changed event received but ignored because the intent does not match. startActivityIntent=Intent { cmp=com.example.help_m5/.LoginActivity }, activity.getIntent()=Intent { act=android.intent.action.MAIN cat=[android.intent.category.LAUNCHER] flg=0x10008000 cmp=com.example.help_m5/androidx.test.core.app.InstrumentationActivityInvoker$BootstrapActivity (has extras) }, activity=androidx.test.core.app.InstrumentationActivityInvoker$BootstrapActivity@85cf935
07-29 20:29:35.004 25934 25972 W example.help_m: Accessing hidden method Landroid/view/ViewConfiguration;->getDoubleTapMinTime()I (greylist, reflection, allowed)
07-29 20:29:35.025 25934 25971 I WM-WorkerWrapper: Worker result SUCCESS for Work [ id=bc5f9aa9-633e-4a28-849f-60664ecf58c1, tags={ com.onesignal.OSNotificationRestoreWorkManager$NotificationRestoreWorker } ]
07-29 20:29:35.028 25934 26003 V OneSignal: OneSignal SDK initialization done.
07-29 20:29:35.033 25934 26003 D OneSignal: startPendingTasks with task queue quantity: 0
07-29 20:29:35.056 25934 25934 W example.help_m: Accessing hidden method Landroid/os/MessageQueue;->next()Landroid/os/Message; (greylist, reflection, allowed)
07-29 20:29:35.056 25934 25934 W example.help_m: Accessing hidden field Landroid/os/MessageQueue;->mMessages:Landroid/os/Message; (greylist, reflection, allowed)
07-29 20:29:35.056 25934 25934 W example.help_m: Accessing hidden method Landroid/os/Message;->recycleUnchecked()V (greylist, reflection, allowed)
07-29 20:29:35.072 25934 25972 W example.help_m: Accessing hidden method Lsun/misc/Unsafe;->putObject(Ljava/lang/Object;JLjava/lang/Object;)V (greylist, linking, allowed)
07-29 20:29:35.078 25934 25972 W example.help_m: Accessing hidden method Lsun/misc/Unsafe;->compareAndSwapObject(Ljava/lang/Object;JLjava/lang/Object;Ljava/lang/Object;)Z (greylist, linking, allowed)
07-29 20:29:35.080 25934 25972 W example.help_m: Accessing hidden method Lsun/misc/Unsafe;->getObject(Ljava/lang/Object;J)Ljava/lang/Object; (greylist, linking, allowed)
07-29 20:29:35.091 25934 26008 I OneSignal: FirebaseMessaging.getToken not found, attempting to use FirebaseInstanceId.getToken
07-29 20:29:35.106 25934 25934 W example.help_m: Accessing hidden method Landroid/view/WindowManagerGlobal;->getInstance()Landroid/view/WindowManagerGlobal; (greylist, reflection, allowed)
07-29 20:29:35.106 25934 25934 W example.help_m: Accessing hidden field Landroid/view/WindowManagerGlobal;->mViews:Ljava/util/ArrayList; (greylist, reflection, allowed)
07-29 20:29:35.107 25934 25934 W example.help_m: Accessing hidden field Landroid/view/WindowManagerGlobal;->mParams:Ljava/util/ArrayList; (greylist, reflection, allowed)
07-29 20:29:35.127 25934 25934 I ViewInteraction: Performing 'single click' action on view view.getId() is <2131296831/com.example.help_m5:id/sign_in_button>
07-29 20:29:35.130 25934 26008 I OneSignal: Device registered, push token = f2W52guVwW0:APA91bFR9XUhr4TAtGZNULFcMhAsULc9XRoktFmivgzwSJBX2IKDxvLqZ8QR59dgwSL-hllGIKreSVp6ZlT5sMnMaLkfwUtkuibrrrHUI2QfL7Pt8d7t_38Ml34AOfDxvzjLBghehEm2
07-29 20:29:35.130 25934 26008 D OneSignal: registerForPushToken completed with id: f2W52guVwW0:APA91bFR9XUhr4TAtGZNULFcMhAsULc9XRoktFmivgzwSJBX2IKDxvLqZ8QR59dgwSL-hllGIKreSVp6ZlT5sMnMaLkfwUtkuibrrrHUI2QfL7Pt8d7t_38Ml34AOfDxvzjLBghehEm2 status: 1
07-29 20:29:35.132 25934 26008 D OneSignal: registerUser:registerForPushFired:true, locationFired: true, remoteParams: com.onesignal.OneSignalRemoteParams$2@d3d13e0, appId: f38cdc86-9fb7-40a5-8176-68b4115411da
07-29 20:29:35.208 25934 26013 D OneSignal: registerUserTask calling readyToUpdate
07-29 20:29:35.253 20881 23137 W audio_hw_generic: Not supplying enough data to HAL, expected position 37519059 , only wrote 37519021
07-29 20:29:35.293 25934 25934 D OneSignal: onActivityPaused: com.example.help_m5.LoginActivity@6c95d2b
07-29 20:29:35.294 25934 25934 D OneSignal: ActivityLifecycleHandler Handling lost focus
07-29 20:29:35.295 25934 25934 D OneSignal: Application stopped focus time: 71401619 timeElapsed: 1
07-29 20:29:35.300 25934 25934 D OneSignal: FocusTimeProcessorUnattributed:saveUnsentActiveData with lastFocusTimeInfluences: [SessionInfluence{influenceChannel=iam, influenceType=DISABLED, ids=null}, SessionInfluence{influenceChannel=notification, influenceType=DISABLED, ids=null}]
07-29 20:29:35.302 25934 25934 D OneSignal: FocusTimeProcessorUnattributed:getUnsentActiveTime: 34007
07-29 20:29:35.302 25934 25934 D OneSignal: FocusTimeProcessorUnattributed:saveUnsentActiveTime: 34008
07-29 20:29:35.305 25934 25934 D OneSignal: curActivity is NOW: null
07-29 20:29:35.310 25934 25934 D LifecycleMonitor: Lifecycle status change: com.example.help_m5.LoginActivity@6c95d2b in: PAUSED
07-29 20:29:35.311 25934 25934 V ActivityScenario: Update currentActivityStage to PAUSED, currentActivity=com.example.help_m5.LoginActivity@6c95d2b
07-29 20:29:35.313 20940 22097 W InputReader: Device has associated, but no associated display id.
07-29 20:29:35.319 20940 22097 I chatty  : uid=1000(system) Binder:20940_14 identical 38 lines
07-29 20:29:35.319 20940 22097 W InputReader: Device has associated, but no associated display id.
07-29 20:29:35.329 25934 25934 W ActivityThread: handleWindowVisibility: no activity for token android.os.BinderProxy@5c029b3
07-29 20:29:35.333 20876 20913 D AF::Track: interceptBuffer: took 227us to intercept 0 tracks
07-29 20:29:35.349 25934 25934 D LifecycleMonitor: Lifecycle status change: com.google.android.gms.auth.api.signin.internal.SignInHubActivity@948221 in: PRE_ON_CREATE
07-29 20:29:35.352 25934 25934 V ActivityScenario: Activity lifecycle changed event received but ignored because the intent does not match. startActivityIntent=Intent { cmp=com.example.help_m5/.LoginActivity }, activity.getIntent()=Intent { act=com.google.android.gms.auth.GOOGLE_SIGN_IN flg=0x800000 pkg=com.example.help_m5 cmp=com.example.help_m5/com.google.android.gms.auth.api.signin.internal.SignInHubActivity (has extras) }, activity=com.google.android.gms.auth.api.signin.internal.SignInHubActivity@948221
07-29 20:29:35.380 25934 25934 D LifecycleMonitor: Lifecycle status change: com.google.android.gms.auth.api.signin.internal.SignInHubActivity@948221 in: CREATED
07-29 20:29:35.382 25934 25934 V ActivityScenario: Activity lifecycle changed event received but ignored because the intent does not match. startActivityIntent=Intent { cmp=com.example.help_m5/.LoginActivity }, activity.getIntent()=Intent { act=com.google.android.gms.auth.GOOGLE_SIGN_IN flg=0x800000 pkg=com.example.help_m5 cmp=com.example.help_m5/com.google.android.gms.auth.api.signin.internal.SignInHubActivity (has extras) }, activity=com.google.android.gms.auth.api.signin.internal.SignInHubActivity@948221
07-29 20:29:35.389 25934 25934 D LifecycleMonitor: Lifecycle status change: com.google.android.gms.auth.api.signin.internal.SignInHubActivity@948221 in: STARTED
07-29 20:29:35.389 25934 25934 V ActivityScenario: Activity lifecycle changed event received but ignored because the intent does not match. startActivityIntent=Intent { cmp=com.example.help_m5/.LoginActivity }, activity.getIntent()=Intent { act=com.google.android.gms.auth.GOOGLE_SIGN_IN flg=0x800000 pkg=com.example.help_m5 cmp=com.example.help_m5/com.google.android.gms.auth.api.signin.internal.SignInHubActivity (has extras) }, activity=com.google.android.gms.auth.api.signin.internal.SignInHubActivity@948221
07-29 20:29:35.391 25934 25934 D OneSignal: onActivityResumed: com.google.android.gms.auth.api.signin.internal.SignInHubActivity@948221
07-29 20:29:35.392 25934 25934 D OneSignal: curActivity is NOW: com.google.android.gms.auth.api.signin.internal.SignInHubActivity:com.google.android.gms.auth.api.signin.internal.SignInHubActivity@948221
07-29 20:29:35.392 25934 25934 D OneSignal: ActivityLifecycleHandler handleFocus, nextResumeIsFirstActivity: false
07-29 20:29:35.392 25934 25934 D OneSignal: ActivityLifecycleHandler cancel background lost focus worker
07-29 20:29:35.392 25934 25934 D LifecycleMonitor: Lifecycle status change: com.google.android.gms.auth.api.signin.internal.SignInHubActivity@948221 in: RESUMED
07-29 20:29:35.395 25934 25934 V ActivityScenario: Activity lifecycle changed event received but ignored because the intent does not match. startActivityIntent=Intent { cmp=com.example.help_m5/.LoginActivity }, activity.getIntent()=Intent { act=com.google.android.gms.auth.GOOGLE_SIGN_IN flg=0x800000 pkg=com.example.help_m5 cmp=com.example.help_m5/com.google.android.gms.auth.api.signin.internal.SignInHubActivity (has extras) }, activity=com.google.android.gms.auth.api.signin.internal.SignInHubActivity@948221
07-29 20:29:35.446  1803  8841 D gralloc_ranchu: gralloc_alloc: Creating ashmem region of size 9334784
07-29 20:29:35.464  1803  8841 D gralloc_ranchu: gralloc_alloc: Creating ashmem region of size 9334784
07-29 20:29:35.470  1791 21167 E GnssHAL_GnssInterface: gnssSvStatusCb: a: input svInfo.flags is 8
07-29 20:29:35.471  1791 21167 E GnssHAL_GnssInterface: gnssSvStatusCb: b: input svInfo.flags is 8
07-29 20:29:35.537  1803  8841 D gralloc_ranchu: gralloc_alloc: Creating ashmem region of size 9334784
07-29 20:29:35.590 25934 25980 D EGL_emulation: eglMakeCurrent: 0xeb0541c0: ver 2 0 (tinfo 0xdfec7300)
07-29 20:29:35.663 25934 25980 D EGL_emulation: eglMakeCurrent: 0xeb0541c0: ver 2 0 (tinfo 0xdfec7300)
07-29 20:29:35.680 25934 25934 D OneSignal: onActivityPaused: com.google.android.gms.auth.api.signin.internal.SignInHubActivity@948221
07-29 20:29:35.680 25934 25934 D OneSignal: ActivityLifecycleHandler Handling lost focus
07-29 20:29:35.680 25934 25934 D OneSignal: Application stopped focus time: 71401619 timeElapsed: 1
07-29 20:29:35.681 25934 25934 D OneSignal: FocusTimeProcessorUnattributed:saveUnsentActiveData with lastFocusTimeInfluences: [SessionInfluence{influenceChannel=iam, influenceType=DISABLED, ids=null}, SessionInfluence{influenceChannel=notification, influenceType=DISABLED, ids=null}]
07-29 20:29:35.681 25934 25934 D OneSignal: FocusTimeProcessorUnattributed:getUnsentActiveTime: 34008
07-29 20:29:35.681 25934 25934 D OneSignal: FocusTimeProcessorUnattributed:saveUnsentActiveTime: 34009
07-29 20:29:35.682 25934 25934 D OneSignal: curActivity is NOW: null
07-29 20:29:35.683 25934 25934 D LifecycleMonitor: Lifecycle status change: com.google.android.gms.auth.api.signin.internal.SignInHubActivity@948221 in: PAUSED
07-29 20:29:35.683 25934 25934 V ActivityScenario: Activity lifecycle changed event received but ignored because the intent does not match. startActivityIntent=Intent { cmp=com.example.help_m5/.LoginActivity }, activity.getIntent()=Intent { act=com.google.android.gms.auth.GOOGLE_SIGN_IN flg=0x800000 pkg=com.example.help_m5 cmp=com.example.help_m5/com.google.android.gms.auth.api.signin.internal.SignInHubActivity (has extras) }, activity=com.google.android.gms.auth.api.signin.internal.SignInHubActivity@948221
07-29 20:29:35.685 20940 22097 W InputReader: Device has associated, but no associated display id.
07-29 20:29:35.689 20940 22097 I chatty  : uid=1000(system) Binder:20940_14 identical 28 lines
07-29 20:29:35.689 20940 22097 W InputReader: Device has associated, but no associated display id.
07-29 20:29:35.691 19478 19478 W ActivityThread: handleWindowVisibility: no activity for token android.os.BinderProxy@bfe20fc
07-29 20:29:35.693 20940 22097 W InputReader: Device has associated, but no associated display id.
07-29 20:29:35.693 20940 22097 I chatty  : uid=1000(system) Binder:20940_14 identical 8 lines
07-29 20:29:35.693 20940 22097 W InputReader: Device has associated, but no associated display id.
07-29 20:29:35.714 25934 25980 D EGL_emulation: eglMakeCurrent: 0xeb0541c0: ver 2 0 (tinfo 0xdfec7300)
07-29 20:29:35.756 21558 21558 D BoundBrokerSvc: onBind: Intent { act=com.google.android.gms.signin.service.START dat=chimera-action:com.google.android.gms.signin.service.START cmp=com.google.android.gms/.chimera.GmsApiService }
07-29 20:29:35.756 21558 21558 D BoundBrokerSvc: Loading bound service for intent: Intent { act=com.google.android.gms.signin.service.START dat=chimera-action:com.google.android.gms.signin.service.START cmp=com.google.android.gms/.chimera.GmsApiService }
07-29 20:29:35.810  1803  8841 D gralloc_ranchu: gralloc_alloc: Creating ashmem region of size 4096
07-29 20:29:35.818  1803  8841 I chatty  : uid=1000(system) HwBinder:1803_3 identical 1 line
07-29 20:29:35.828  1803  8841 D gralloc_ranchu: gralloc_alloc: Creating ashmem region of size 4096
07-29 20:29:35.831 20940 20962 W InputReader: Device has associated, but no associated display id.
07-29 20:29:35.834 20940 20962 I chatty  : uid=1000(system) android.anim identical 18 lines
07-29 20:29:35.834 20940 20962 W InputReader: Device has associated, but no associated display id.
07-29 20:29:35.839 20940 21024 I InputReader: Reconfiguring input devices.  changes=0x00000010
07-29 20:29:35.988 20940 20966 I ActivityTaskManager: Displayed com.google.android.gms/.auth.api.signin.ui.SignInActivity: +319ms
07-29 20:29:36.050 21177 21177 D CarrierSvcBindHelper: No carrier app for: 0
07-29 20:29:36.112 21441 26021 I Fitness : OnPackageChangedOperation got intent: Intent { act=android.intent.action.PACKAGE_CHANGED dat=package:com.example.help_m5 flg=0x45000010 pkg=com.google.android.gms cmp=com.google.android.gms/.chimera.PersistentIntentOperationService (has extras) } [CONTEXT service_id=17 ]
07-29 20:29:36.128 21441 26027 I Fitness : FitCleanupIntentOperation received Intent android.intent.action.PACKAGE_CHANGED [CONTEXT service_id=17 ]
07-29 20:29:36.136 21441 10556 W ChimeraUtils: Module com.google.android.gms.nearby_en has empty metadata display_name_string_id
07-29 20:29:36.142 21441 10556 W ChimeraUtils: Module com.google.android.gms.nearby_en has empty metadata display_name_string_id
07-29 20:29:36.147 21558 25888 I Icing   : Indexing com.google.android.gms-apps from com.google.android.gms
07-29 20:29:36.162 21558 25888 I Icing   : Indexing done com.google.android.gms-apps
07-29 20:29:36.162 21441 21441 D BoundBrokerSvc: onBind: Intent { act=com.google.android.gms.auth.account.workaccount.START dat=chimera-action:com.google.android.gms.auth.account.workaccount.START cmp=com.google.android.gms/.chimera.PersistentApiService }
07-29 20:29:36.162 21441 21441 D BoundBrokerSvc: Loading bound service for intent: Intent { act=com.google.android.gms.auth.account.workaccount.START dat=chimera-action:com.google.android.gms.auth.account.workaccount.START cmp=com.google.android.gms/.chimera.PersistentApiService }
07-29 20:29:36.301 20940 22097 W InputReader: Device has associated, but no associated display id.
07-29 20:29:36.302 20940 22097 I chatty  : uid=1000(system) Binder:20940_14 identical 8 lines
07-29 20:29:36.302 20940 22097 W InputReader: Device has associated, but no associated display id.
07-29 20:29:36.314 20940 23426 W InputReader: Device has associated, but no associated display id.
07-29 20:29:36.324 20940 23426 I chatty  : uid=1000(system) Binder:20940_19 identical 38 lines
07-29 20:29:36.324 20940 23426 W InputReader: Device has associated, but no associated display id.
07-29 20:29:36.393 25934 25934 D OneSignal: onActivityResumed: com.google.android.gms.auth.api.signin.internal.SignInHubActivity@948221
07-29 20:29:36.394 25934 25934 D OneSignal: curActivity is NOW: com.google.android.gms.auth.api.signin.internal.SignInHubActivity:com.google.android.gms.auth.api.signin.internal.SignInHubActivity@948221
07-29 20:29:36.394 25934 25934 D OneSignal: ActivityLifecycleHandler handleFocus, nextResumeIsFirstActivity: false
07-29 20:29:36.398 25934 25934 D OneSignal: ActivityLifecycleHandler cancel background lost focus worker
07-29 20:29:36.405 25934 25934 D LifecycleMonitor: Lifecycle status change: com.google.android.gms.auth.api.signin.internal.SignInHubActivity@948221 in: RESUMED
07-29 20:29:36.412 25934 25934 V ActivityScenario: Activity lifecycle changed event received but ignored because the intent does not match. startActivityIntent=Intent { cmp=com.example.help_m5/.LoginActivity }, activity.getIntent()=Intent { act=com.google.android.gms.auth.GOOGLE_SIGN_IN flg=0x800000 pkg=com.example.help_m5 cmp=com.example.help_m5/com.google.android.gms.auth.api.signin.internal.SignInHubActivity (has extras) }, activity=com.google.android.gms.auth.api.signin.internal.SignInHubActivity@948221
07-29 20:29:36.434 20940 21225 W InputReader: Device has associated, but no associated display id.
07-29 20:29:36.434 20940 21225 I chatty  : uid=1000(system) Binder:20940_6 identical 8 lines
07-29 20:29:36.434 20940 21225 W InputReader: Device has associated, but no associated display id.
07-29 20:29:36.449 25934 25934 D OneSignal: onActivityPaused: com.google.android.gms.auth.api.signin.internal.SignInHubActivity@948221
07-29 20:29:36.449 25934 25934 D OneSignal: ActivityLifecycleHandler Handling lost focus
07-29 20:29:36.454 25934 25934 D OneSignal: Application stopped focus time: 71401619 timeElapsed: 2
07-29 20:29:36.456 25934 25934 D OneSignal: FocusTimeProcessorUnattributed:saveUnsentActiveData with lastFocusTimeInfluences: [SessionInfluence{influenceChannel=iam, influenceType=DISABLED, ids=null}, SessionInfluence{influenceChannel=notification, influenceType=DISABLED, ids=null}]
07-29 20:29:36.456 25934 25934 D OneSignal: FocusTimeProcessorUnattributed:getUnsentActiveTime: 34009
07-29 20:29:36.457 25934 25934 D OneSignal: FocusTimeProcessorUnattributed:saveUnsentActiveTime: 34011
07-29 20:29:36.459 25934 25934 D OneSignal: curActivity is NOW: null
07-29 20:29:36.465 25934 25934 D LifecycleMonitor: Lifecycle status change: com.google.android.gms.auth.api.signin.internal.SignInHubActivity@948221 in: PAUSED
07-29 20:29:36.466 25934 25934 V ActivityScenario: Activity lifecycle changed event received but ignored because the intent does not match. startActivityIntent=Intent { cmp=com.example.help_m5/.LoginActivity }, activity.getIntent()=Intent { act=com.google.android.gms.auth.GOOGLE_SIGN_IN flg=0x800000 pkg=com.example.help_m5 cmp=com.example.help_m5/com.google.android.gms.auth.api.signin.internal.SignInHubActivity (has extras) }, activity=com.google.android.gms.auth.api.signin.internal.SignInHubActivity@948221
07-29 20:29:36.468 20940 21225 W InputReader: Device has associated, but no associated display id.
07-29 20:29:36.469 20940 21225 I chatty  : uid=1000(system) Binder:20940_6 identical 8 lines
07-29 20:29:36.470 20940 21225 W InputReader: Device has associated, but no associated display id.
07-29 20:29:36.472  1791 21167 E GnssHAL_GnssInterface: gnssSvStatusCb: a: input svInfo.flags is 8
07-29 20:29:36.472  1791 21167 E GnssHAL_GnssInterface: gnssSvStatusCb: b: input svInfo.flags is 8
07-29 20:29:36.473 20940 21225 W InputReader: Device has associated, but no associated display id.
07-29 20:29:36.486 20940 21225 I chatty  : uid=1000(system) Binder:20940_6 identical 28 lines
07-29 20:29:36.486 20940 21225 W InputReader: Device has associated, but no associated display id.
07-29 20:29:36.523 25934 25934 D LoginActivity: email is: lufei8351@gmail.com
07-29 20:29:36.652 21558 21572 I gle.android.gm: Background young concurrent copying GC freed 80322(4847KB) AllocSpace objects, 23(908KB) LOS objects, 33% free, 12MB/18MB, paused 8.802ms total 53.845ms
07-29 20:29:36.653 25934 25934 D LoginActivity: paar login is {user_logo=none, _id=lufei8351@gmail.com, username=Peter Na}
07-29 20:29:36.672 25934 25934 D LoginActivity: Trying to load device phone model information
07-29 20:29:36.673 25934 25934 D OneSignal: onActivityResumed: com.example.help_m5.LoginActivity@6c95d2b
07-29 20:29:36.674 25934 25934 D OneSignal: curActivity is NOW: com.example.help_m5.LoginActivity:com.example.help_m5.LoginActivity@6c95d2b
07-29 20:29:36.674 25934 25934 D OneSignal: ActivityLifecycleHandler handleFocus, nextResumeIsFirstActivity: false
07-29 20:29:36.675 25934 25934 D OneSignal: ActivityLifecycleHandler cancel background lost focus worker
07-29 20:29:36.676 25934 25934 D LifecycleMonitor: Lifecycle status change: com.example.help_m5.LoginActivity@6c95d2b in: RESUMED
07-29 20:29:36.676 25934 25934 V ActivityScenario: Update currentActivityStage to RESUMED, currentActivity=com.example.help_m5.LoginActivity@6c95d2b
07-29 20:29:36.716 25934 25980 D EGL_emulation: eglMakeCurrent: 0xeb0541c0: ver 2 0 (tinfo 0xdfec7300)
07-29 20:29:36.748  1803  8841 D gralloc_ranchu: gralloc_alloc: Creating ashmem region of size 356352
07-29 20:29:36.775  1803  8841 I chatty  : uid=1000(system) HwBinder:1803_3 identical 1 line
07-29 20:29:36.781  1803  8841 D gralloc_ranchu: gralloc_alloc: Creating ashmem region of size 356352
07-29 20:29:36.784 25934 25980 D EGL_emulation: eglMakeCurrent: 0xeb0541c0: ver 2 0 (tinfo 0xdfec7300)
07-29 20:29:36.859 25934 25934 D OneSignal: onActivityStopped: com.google.android.gms.auth.api.signin.internal.SignInHubActivity@948221
07-29 20:29:36.860 25934 25934 D OneSignal: curActivity is NOW: com.example.help_m5.LoginActivity:com.example.help_m5.LoginActivity@6c95d2b
07-29 20:29:36.860 25934 25934 D LifecycleMonitor: Lifecycle status change: com.google.android.gms.auth.api.signin.internal.SignInHubActivity@948221 in: STOPPED
07-29 20:29:36.862 25934 25934 V ActivityScenario: Activity lifecycle changed event received but ignored because the intent does not match. startActivityIntent=Intent { cmp=com.example.help_m5/.LoginActivity }, activity.getIntent()=Intent { act=com.google.android.gms.auth.GOOGLE_SIGN_IN flg=0x800000 pkg=com.example.help_m5 cmp=com.example.help_m5/com.google.android.gms.auth.api.signin.internal.SignInHubActivity (has extras) }, activity=com.google.android.gms.auth.api.signin.internal.SignInHubActivity@948221
07-29 20:29:36.865 25934 25934 D OneSignal: onActivityDestroyed: com.google.android.gms.auth.api.signin.internal.SignInHubActivity@948221
07-29 20:29:36.865 25934 25934 D OneSignal: curActivity is NOW: com.example.help_m5.LoginActivity:com.example.help_m5.LoginActivity@6c95d2b
07-29 20:29:36.866 25934 25934 D LifecycleMonitor: Lifecycle status change: com.google.android.gms.auth.api.signin.internal.SignInHubActivity@948221 in: DESTROYED
07-29 20:29:36.867 25934 25934 V ActivityScenario: Activity lifecycle changed event received but ignored because the intent does not match. startActivityIntent=Intent { cmp=com.example.help_m5/.LoginActivity }, activity.getIntent()=Intent { act=com.google.android.gms.auth.GOOGLE_SIGN_IN flg=0x800000 pkg=com.example.help_m5 cmp=com.example.help_m5/com.google.android.gms.auth.api.signin.internal.SignInHubActivity (has extras) }, activity=com.google.android.gms.auth.api.signin.internal.SignInHubActivity@948221
07-29 20:29:37.147 25934 25934 D LoginActivity: response in loingin is: {"_id":"lufei8351@gmail.com","account_type":0,"account_status":0,"username":"Peter Na","user_logo":"https:\/\/lh3.googleusercontent.com\/a-\/AOh14Gj8GMMhE_szu5WGr9670fHSjtKnVXth36eNHkk5Rw","number_of_credit":18,"number_of_rate":1650,"number_of_reply":28,"number_of_facility":0}
07-29 20:29:37.184 25934 25934 D LoginActivity: start next activity
07-29 20:29:37.186 25934 25934 D OneSignal: onActivityPaused: com.example.help_m5.LoginActivity@6c95d2b
07-29 20:29:37.186 25934 25934 D OneSignal: ActivityLifecycleHandler Handling lost focus
07-29 20:29:37.187 25934 25934 D OneSignal: Application stopped focus time: 71401619 timeElapsed: 2
07-29 20:29:37.188 25934 25934 D OneSignal: FocusTimeProcessorUnattributed:saveUnsentActiveData with lastFocusTimeInfluences: [SessionInfluence{influenceChannel=iam, influenceType=DISABLED, ids=null}, SessionInfluence{influenceChannel=notification, influenceType=DISABLED, ids=null}]
07-29 20:29:37.188 25934 25934 D OneSignal: FocusTimeProcessorUnattributed:getUnsentActiveTime: 34011
07-29 20:29:37.188 25934 25934 D OneSignal: FocusTimeProcessorUnattributed:saveUnsentActiveTime: 34013
07-29 20:29:37.189 25934 25934 D OneSignal: curActivity is NOW: null
07-29 20:29:37.189 25934 25934 D LifecycleMonitor: Lifecycle status change: com.example.help_m5.LoginActivity@6c95d2b in: PAUSED
07-29 20:29:37.190 25934 25934 V ActivityScenario: Update currentActivityStage to PAUSED, currentActivity=com.example.help_m5.LoginActivity@6c95d2b
07-29 20:29:37.198 20940 21225 W InputReader: Device has associated, but no associated display id.
07-29 20:29:37.204 20940 21225 I chatty  : uid=1000(system) Binder:20940_6 identical 48 lines
07-29 20:29:37.204 20940 21225 W InputReader: Device has associated, but no associated display id.
07-29 20:29:37.208 25934 25934 W ActivityThread: handleWindowVisibility: no activity for token android.os.BinderProxy@7237553
07-29 20:29:37.230 25934 25934 D LifecycleMonitor: Lifecycle status change: com.example.help_m5.MainActivity@157fa8 in: PRE_ON_CREATE
07-29 20:29:37.231 25934 25934 V ActivityScenario: Activity lifecycle changed event received but ignored because the intent does not match. startActivityIntent=Intent { cmp=com.example.help_m5/.LoginActivity }, activity.getIntent()=Intent { cmp=com.example.help_m5/.MainActivity (has extras) }, activity=com.example.help_m5.MainActivity@157fa8
07-29 20:29:37.469  1791 21167 E GnssHAL_GnssInterface: gnssSvStatusCb: a: input svInfo.flags is 8
07-29 20:29:37.469  1791 21167 E GnssHAL_GnssInterface: gnssSvStatusCb: b: input svInfo.flags is 8
07-29 20:29:37.484 25934 25972 W example.help_m: Accessing hidden method Lsun/misc/Unsafe;->compareAndSwapObject(Ljava/lang/Object;JLjava/lang/Object;Ljava/lang/Object;)Z (greylist, linking, allowed)
07-29 20:29:37.484 25934 25972 W example.help_m: Accessing hidden method Lsun/misc/Unsafe;->getObject(Ljava/lang/Object;J)Ljava/lang/Object; (greylist, linking, allowed)
07-29 20:29:37.983 25934 25934 D databaseConnection: delete filename is: posts.json
07-29 20:29:38.037 21441 21441 D BoundBrokerSvc: onBind: Intent { act=com.google.android.contextmanager.service.ContextManagerService.START pkg=com.google.android.gms }
07-29 20:29:38.037 21441 21441 D BoundBrokerSvc: Loading bound service for intent: Intent { act=com.google.android.contextmanager.service.ContextManagerService.START pkg=com.google.android.gms }
07-29 20:29:38.286 25934 25934 D MainActivity: info in main is  {"_id":"lufei8351@gmail.com","account_type":0,"account_status":0,"username":"Peter Na","user_logo":"https:\/\/lh3.googleusercontent.com\/a-\/AOh14Gj8GMMhE_szu5WGr9670fHSjtKnVXth36eNHkk5Rw","number_of_credit":18,"number_of_rate":1650,"number_of_reply":28,"number_of_facility":0}
07-29 20:29:38.374 25934 25934 W example.help_m: Accessing hidden method Ldalvik/system/CloseGuard;->get()Ldalvik/system/CloseGuard; (greylist,core-platform-api, reflection, allowed)
