07-29 20:29:44.371 25934 26161 W example.help_m: Accessing hidden method Lsun/misc/Unsafe;->putObject(Ljava/lang/Object;JLjava/lang/Object;)V (greylist, linking, allowed)
07-29 20:29:44.373 25934 26161 W example.help_m: Accessing hidden method Lsun/misc/Unsafe;->putLong(Ljava/lang/Object;JJ)V (greylist, linking, allowed)
07-29 20:29:44.404 25934 25934 W example.help_m: Accessing hidden method Lsun/misc/Unsafe;->putObject(Ljava/lang/Object;JLjava/lang/Object;)V (greylist, linking, allowed)
07-29 20:29:44.473  1791 21167 E GnssHAL_GnssInterface: gnssSvStatusCb: a: input svInfo.flags is 8
07-29 20:29:44.473  1791 21167 E GnssHAL_GnssInterface: gnssSvStatusCb: b: input svInfo.flags is 8
07-29 20:29:44.478 25934 26132 W example.help_m: Accessing hidden field Ljava/nio/Buffer;->position:I (greylist, JNI, allowed)
07-29 20:29:44.478 25934 26132 W example.help_m: Accessing hidden field Ljava/nio/Buffer;->limit:I (greylist, JNI, allowed)
07-29 20:29:44.479 25934 26132 W example.help_m: Accessing hidden field Ljava/nio/Buffer;->_elementSizeShift:I (greylist, JNI, allowed)
07-29 20:29:44.480 25934 26164 W example.help_m: Accessing hidden method Lsun/misc/Unsafe;->getObject(Ljava/lang/Object;J)Ljava/lang/Object; (greylist, linking, allowed)
07-29 20:29:44.506 25934 26165 W example.help_m: Accessing hidden method Lsun/misc/Unsafe;->getObject(Ljava/lang/Object;J)Ljava/lang/Object; (greylist, linking, allowed)
07-29 20:29:44.518  1803  2665 D gralloc_ranchu: gralloc_alloc: Creating ashmem region of size 1593344
07-29 20:29:44.527 25934 26165 W example.help_m: Accessing hidden method Lsun/misc/Unsafe;->getObject(Ljava/lang/Object;J)Ljava/lang/Object; (greylist, linking, allowed)
07-29 20:29:44.549 25934 26166 W example.help_m: Accessing hidden method Lsun/misc/Unsafe;->getObject(Ljava/lang/Object;J)Ljava/lang/Object; (greylist, linking, allowed)
07-29 20:29:44.561  1803  2665 D gralloc_ranchu: gralloc_alloc: Creating ashmem region of size 1593344
07-29 20:29:44.590 25934 26164 W example.help_m: Accessing hidden method Lsun/misc/Unsafe;->putLong(Ljava/lang/Object;JJ)V (greylist, linking, allowed)
07-29 20:29:44.601 25934 26164 W example.help_m: Accessing hidden method Lsun/misc/Unsafe;->putLong(Ljava/lang/Object;JJ)V (greylist, linking, allowed)
07-29 20:29:44.641 25934 25934 D OneSignal: onActivityStopped: com.example.help_m5.MainActivity@157fa8
07-29 20:29:44.642 25934 25934 D OneSignal: curActivity is NOW: com.example.help_m5.FacilityActivity:com.example.help_m5.FacilityActivity@29d9147
07-29 20:29:44.648 25934 25934 D LifecycleMonitor: Lifecycle status change: com.example.help_m5.MainActivity@157fa8 in: STOPPED
07-29 20:29:44.649 25934 25934 V ActivityScenario: Activity lifecycle changed event received but ignored because the intent does not match. startActivityIntent=Intent { cmp=com.example.help_m5/.LoginActivity }, activity.getIntent()=Intent { cmp=com.example.help_m5/.MainActivity (has extras) }, activity=com.example.help_m5.MainActivity@157fa8
07-29 20:29:44.656 25934 26165 W example.help_m: Accessing hidden method Lsun/misc/Unsafe;->getInt(Ljava/lang/Object;J)I (greylist, linking, allowed)
07-29 20:29:44.656 25934 26165 W example.help_m: Accessing hidden method Lsun/misc/Unsafe;->getObject(Ljava/lang/Object;J)Ljava/lang/Object; (greylist, linking, allowed)
07-29 20:29:44.678 25934 26166 W example.help_m: Accessing hidden method Lsun/misc/Unsafe;->putLong(Ljava/lang/Object;JJ)V (greylist, linking, allowed)
07-29 20:29:44.680 25934 26166 W example.help_m: Accessing hidden method Lsun/misc/Unsafe;->putLong(Ljava/lang/Object;JJ)V (greylist, linking, allowed)
07-29 20:29:44.754 20881 20902 W audio_hw_generic: Not supplying enough data to HAL, expected position 38015212 , only wrote 37836962
07-29 20:29:44.767 25934 26165 W example.help_m: Accessing hidden method Lsun/misc/Unsafe;->getInt(Ljava/lang/Object;J)I (greylist, linking, allowed)
07-29 20:29:44.767 25934 26165 W example.help_m: Accessing hidden method Lsun/misc/Unsafe;->getObject(Ljava/lang/Object;J)Ljava/lang/Object; (greylist, linking, allowed)
07-29 20:29:44.777 25934 26165 W example.help_m: Accessing hidden method Lsun/misc/Unsafe;->getObject(Ljava/lang/Object;J)Ljava/lang/Object; (greylist, linking, allowed)
07-29 20:29:44.800 25934 26168 W example.help_m: Accessing hidden method Lsun/misc/Unsafe;->getInt(Ljava/lang/Object;J)I (greylist, linking, allowed)
07-29 20:29:44.800 25934 26113 W DynamiteModule: Local module descriptor class for com.google.android.gms.googlecertificates not found.
07-29 20:29:44.800 25934 26168 W example.help_m: Accessing hidden method Lsun/misc/Unsafe;->getObject(Ljava/lang/Object;J)Ljava/lang/Object; (greylist, linking, allowed)
07-29 20:29:44.808 25934 26169 W example.help_m: Accessing hidden method Lsun/misc/Unsafe;->getObject(Ljava/lang/Object;J)Ljava/lang/Object; (greylist, linking, allowed)
07-29 20:29:44.816 25934 26113 I DynamiteModule: Considering local module com.google.android.gms.googlecertificates:0 and remote module com.google.android.gms.googlecertificates:7
07-29 20:29:44.819 25934 26113 I DynamiteModule: Selected remote version of com.google.android.gms.googlecertificates, version >= 7
07-29 20:29:44.821 25934 26170 W example.help_m: Accessing hidden method Lsun/misc/Unsafe;->getObject(Ljava/lang/Object;J)Ljava/lang/Object; (greylist, linking, allowed)
07-29 20:29:44.846 25934 26165 W example.help_m: Accessing hidden method Lsun/misc/Unsafe;->getObject(Ljava/lang/Object;J)Ljava/lang/Object; (greylist, linking, allowed)
07-29 20:29:44.867 25934 26169 W example.help_m: Accessing hidden method Lsun/misc/Unsafe;->getObject(Ljava/lang/Object;J)Ljava/lang/Object; (greylist, linking, allowed)
07-29 20:29:44.867 25934 26169 W example.help_m: Accessing hidden method Lsun/misc/Unsafe;->putObject(Ljava/lang/Object;JLjava/lang/Object;)V (greylist, linking, allowed)
07-29 20:29:44.867 25934 26169 W example.help_m: Accessing hidden method Lsun/misc/Unsafe;->putLong(Ljava/lang/Object;JJ)V (greylist, linking, allowed)
07-29 20:29:44.868 25934 26169 W example.help_m: Accessing hidden method Lsun/misc/Unsafe;->getInt(Ljava/lang/Object;J)I (greylist, linking, allowed)
07-29 20:29:44.868 25934 26169 W example.help_m: Accessing hidden method Lsun/misc/Unsafe;->getLong(Ljava/lang/Object;J)J (greylist,core-platform-api, linking, allowed)
07-29 20:29:44.872 25934 26169 W example.help_m: Accessing hidden method Lsun/misc/Unsafe;->putLong(Ljava/lang/Object;JJ)V (greylist, linking, allowed)
07-29 20:29:44.872 25934 26169 W example.help_m: Accessing hidden method Lsun/misc/Unsafe;->getInt(Ljava/lang/Object;J)I (greylist, linking, allowed)
07-29 20:29:44.891 25934 26171 W example.help_m: Accessing hidden method Lsun/misc/Unsafe;->getObject(Ljava/lang/Object;J)Ljava/lang/Object; (greylist, linking, allowed)
07-29 20:29:44.895 25934 26165 W example.help_m: Accessing hidden method Lsun/misc/Unsafe;->getObject(Ljava/lang/Object;J)Ljava/lang/Object; (greylist, linking, allowed)
07-29 20:29:44.915 25934 26165 W example.help_m: Accessing hidden method Lsun/misc/Unsafe;->getObject(Ljava/lang/Object;J)Ljava/lang/Object; (greylist, linking, allowed)
07-29 20:29:44.920 25934 26113 W example.help_m: Accessing hidden method Lsun/misc/Unsafe;->putObject(Ljava/lang/Object;JLjava/lang/Object;)V (greylist, linking, allowed)
07-29 20:29:44.920 25934 26113 W example.help_m: Accessing hidden method Lsun/misc/Unsafe;->getObject(Ljava/lang/Object;J)Ljava/lang/Object; (greylist, linking, allowed)
07-29 20:29:44.921 25934 26113 W example.help_m: Accessing hidden method Lsun/misc/Unsafe;->compareAndSwapObject(Ljava/lang/Object;JLjava/lang/Object;Ljava/lang/Object;)Z (greylist, linking, allowed)
07-29 20:29:44.935 25934 26165 W example.help_m: Accessing hidden method Lsun/misc/Unsafe;->getObject(Ljava/lang/Object;J)Ljava/lang/Object; (greylist, linking, allowed)
07-29 20:29:44.936 25934 26170 W example.help_m: Accessing hidden method Lsun/misc/Unsafe;->getObject(Ljava/lang/Object;J)Ljava/lang/Object; (greylist, linking, allowed)
07-29 20:29:44.936 25934 26170 W example.help_m: Accessing hidden method Lsun/misc/Unsafe;->putLong(Ljava/lang/Object;JJ)V (greylist, linking, allowed)
07-29 20:29:44.938 25934 26168 W example.help_m: Accessing hidden method Lsun/misc/Unsafe;->putLong(Ljava/lang/Object;JJ)V (greylist, linking, allowed)
07-29 20:29:44.947 25934 26165 W example.help_m: Accessing hidden method Lsun/misc/Unsafe;->getInt(Ljava/lang/Object;J)I (greylist, linking, allowed)
07-29 20:29:44.949 25934 26170 W example.help_m: Accessing hidden method Lsun/misc/Unsafe;->getObject(Ljava/lang/Object;J)Ljava/lang/Object; (greylist, linking, allowed)
07-29 20:29:44.966 25934 26165 W example.help_m: Accessing hidden method Lsun/misc/Unsafe;->getInt(Ljava/lang/Object;J)I (greylist, linking, allowed)
07-29 20:29:44.981 25934 26127 W example.help_m: Accessing hidden method Lsun/misc/Unsafe;->getObject(Ljava/lang/Object;J)Ljava/lang/Object; (greylist, linking, allowed)
07-29 20:29:44.991 25934 26127 W example.help_m: Accessing hidden method Lsun/misc/Unsafe;->getObject(Ljava/lang/Object;J)Ljava/lang/Object; (greylist, linking, allowed)
07-29 20:29:45.011 25934 26103 W example.help_m: Accessing hidden method Lsun/misc/Unsafe;->putLong(Ljava/lang/Object;JJ)V (greylist, linking, allowed)
07-29 20:29:45.011 25934 26103 W example.help_m: Accessing hidden method Lsun/misc/Unsafe;->getObject(Ljava/lang/Object;J)Ljava/lang/Object; (greylist, linking, allowed)
07-29 20:29:45.011 25934 26103 W example.help_m: Accessing hidden method Lsun/misc/Unsafe;->getObject(Ljava/lang/Object;J)Ljava/lang/Object; (greylist, linking, allowed)
07-29 20:29:45.019 25934 26171 W example.help_m: Accessing hidden method Lsun/misc/Unsafe;->putLong(Ljava/lang/Object;JJ)V (greylist, linking, allowed)
07-29 20:29:45.021 25934 26103 I SnapshotHandler: Unable to retrieve flag snapshot for com.google.android.libraries.consentverifier#com.example.help_m5, using defaults.
07-29 20:29:45.021 25934 26171 W example.help_m: Accessing hidden method Lsun/misc/Unsafe;->putLong(Ljava/lang/Object;JJ)V (greylist, linking, allowed)
07-29 20:29:45.022 25934 26171 W example.help_m: Accessing hidden method Lsun/misc/Unsafe;->getInt(Ljava/lang/Object;J)I (greylist, linking, allowed)
07-29 20:29:45.033 25934 26103 W example.help_m: Accessing hidden method Lsun/misc/Unsafe;->putLong(Ljava/lang/Object;JJ)V (greylist, linking, allowed)
07-29 20:29:45.034 25934 26103 W example.help_m: Accessing hidden method Lsun/misc/Unsafe;->getInt(Ljava/lang/Object;J)I (greylist, linking, allowed)
07-29 20:29:45.034 25934 26103 W example.help_m: Accessing hidden method Lsun/misc/Unsafe;->getObject(Ljava/lang/Object;J)Ljava/lang/Object; (greylist, linking, allowed)
07-29 20:29:45.045 25934 26165 W example.help_m: Accessing hidden method Lsun/misc/Unsafe;->getInt(Ljava/lang/Object;J)I (greylist, linking, allowed)
07-29 20:29:45.046 25934 25940 W example.help_m: Accessing hidden method Lsun/misc/Unsafe;->getObject(Ljava/lang/Object;J)Ljava/lang/Object; (greylist, linking, allowed)
07-29 20:29:45.059 25934 26103 W example.help_m: Accessing hidden method Lsun/misc/Unsafe;->compareAndSwapObject(Ljava/lang/Object;JLjava/lang/Object;Ljava/lang/Object;)Z (greylist, linking, allowed)
07-29 20:29:45.062 25934 26104 W MobStoreFlagStore: Unable to update local snapshot for com.google.android.libraries.consentverifier#com.example.help_m5, may result in stale flags.
07-29 20:29:45.062 25934 26104 W MobStoreFlagStore: java.util.concurrent.ExecutionException: java.lang.SecurityException: GoogleCertificatesRslt: not allowed: pkg=com.example.help_m5, sha256=[cdc0133cc2c5f4279fa0dc2bcf656bd7e675c2c4f1a5a5657496156457ae9b5f], atk=false, ver=222615031.true (go/gsrlt)
07-29 20:29:45.062 25934 26104 W MobStoreFlagStore: 	at aif.s(:com.google.android.gms.dynamite_mapsdynamite@222615068@22.26.15 (100700-0):3)
07-29 20:29:45.062 25934 26104 W MobStoreFlagStore: 	at aif.get(:com.google.android.gms.dynamite_mapsdynamite@222615068@22.26.15 (100700-0):2)
07-29 20:29:45.062 25934 26104 W MobStoreFlagStore: 	at ajp.g(:com.google.android.gms.dynamite_mapsdynamite@222615068@22.26.15 (100700-0):2)
07-29 20:29:45.062 25934 26104 W MobStoreFlagStore: 	at yg.d(:com.google.android.gms.dynamite_mapsdynamite@222615068@22.26.15 (100700-0):1)
07-29 20:29:45.062 25934 26104 W MobStoreFlagStore: 	at yi.run(:com.google.android.gms.dynamite_mapsdynamite@222615068@22.26.15 (100700-0):0)
07-29 20:29:45.062 25934 26104 W MobStoreFlagStore: 	at java.util.concurrent.Executors$RunnableAdapter.call(Executors.java:462)
07-29 20:29:45.062 25934 26104 W MobStoreFlagStore: 	at java.util.concurrent.FutureTask.run(FutureTask.java:266)
07-29 20:29:45.062 25934 26104 W MobStoreFlagStore: 	at java.util.concurrent.ScheduledThreadPoolExecutor$ScheduledFutureTask.run(ScheduledThreadPoolExecutor.java:301)
07-29 20:29:45.062 25934 26104 W MobStoreFlagStore: 	at java.util.concurrent.ThreadPoolExecutor.runWorker(ThreadPoolExecutor.java:1167)
07-29 20:29:45.062 25934 26104 W MobStoreFlagStore: 	at java.util.concurrent.ThreadPoolExecutor$Worker.run(ThreadPoolExecutor.java:641)
07-29 20:29:45.062 25934 26104 W MobStoreFlagStore: 	at java.lang.Thread.run(Thread.java:919)
07-29 20:29:45.062 25934 26104 W MobStoreFlagStore: Caused by: java.lang.SecurityException: GoogleCertificatesRslt: not allowed: pkg=com.example.help_m5, sha256=[cdc0133cc2c5f4279fa0dc2bcf656bd7e675c2c4f1a5a5657496156457ae9b5f], atk=false, ver=222615031.true (go/gsrlt)
07-29 20:29:45.062 25934 26104 W MobStoreFlagStore: 	at android.os.Parcel.createException(Parcel.java:2071)
07-29 20:29:45.062 25934 26104 W MobStoreFlagStore: 	at android.os.Parcel.readException(Parcel.java:2039)
07-29 20:29:45.062 25934 26104 W MobStoreFlagStore: 	at android.os.Parcel.readException(Parcel.java:1987)
07-29 20:29:45.062 25934 26104 W MobStoreFlagStore: 	at es.bc(:com.google.android.gms.dynamite_mapsdynamite@222615068@22.26.15 (100700-0):2)
07-29 20:29:45.062 25934 26104 W MobStoreFlagStore: 	at rs.a(:com.google.android.gms.dynamite_mapsdynamite@222615068@22.26.15 (100700-0):4)
07-29 20:29:45.062 25934 26104 W MobStoreFlagStore: 	at iz.e(:com.google.android.gms.dynamite_mapsdynamite@222615068@22.26.15 (100700-0):2)
07-29 20:29:45.062 25934 26104 W MobStoreFlagStore: 	at jy.t(:com.google.android.gms.dynamite_mapsdynamite@222615068@22.26.15 (100700-0):2)
07-29 20:29:45.062 25934 26104 W MobStoreFlagStore: 	at jy.u(:com.google.android.gms.dynamite_mapsdynamite@222615068@22.26.15 (100700-0):3)
07-29 20:29:45.062 25934 26104 W MobStoreFlagStore: 	at jy.e(:com.google.android.gms.dynamite_mapsdynamite@222615068@22.26.15 (100700-0):2)
07-29 20:29:45.062 25934 26104 W MobStoreFlagStore: 	at kc.handleMessage(:com.google.android.gms.dynamite_mapsdynamite@222615068@22.26.15 (100700-0):69)
07-29 20:29:45.062 25934 26104 W MobStoreFlagStore: 	at android.os.Handler.dispatchMessage(Handler.java:103)
07-29 20:29:45.062 25934 26104 W MobStoreFlagStore: 	at android.os.Looper.loop(Looper.java:214)
07-29 20:29:45.062 25934 26104 W MobStoreFlagStore: 	at android.os.HandlerThread.run(HandlerThread.java:67)
07-29 20:29:45.096 21441 21450 I .gms.persisten: Background concurrent copying GC freed 149557(6046KB) AllocSpace objects, 5(228KB) LOS objects, 35% free, 10MB/16MB, paused 997us total 105.492ms
07-29 20:29:45.297 25934 26133 W example.help_m: Accessing hidden method Lsun/misc/Unsafe;->getObject(Ljava/lang/Object;J)Ljava/lang/Object; (greylist, linking, allowed)
07-29 20:29:45.297 25934 26133 W example.help_m: Accessing hidden method Lsun/misc/Unsafe;->putObject(Ljava/lang/Object;JLjava/lang/Object;)V (greylist, linking, allowed)
07-29 20:29:45.297 25934 26133 W example.help_m: Accessing hidden method Lsun/misc/Unsafe;->getObject(Ljava/lang/Object;J)Ljava/lang/Object; (greylist, linking, allowed)
07-29 20:29:45.299 25934 26103 W example.help_m: Accessing hidden method Lsun/misc/Unsafe;->putLong(Ljava/lang/Object;JJ)V (greylist, linking, allowed)
07-29 20:29:45.470  1791 21167 E GnssHAL_GnssInterface: gnssSvStatusCb: a: input svInfo.flags is 8
07-29 20:29:45.471  1791 21167 E GnssHAL_GnssInterface: gnssSvStatusCb: b: input svInfo.flags is 8
07-29 20:29:45.816 25934 25972 W example.help_m: Accessing hidden method Lsun/misc/Unsafe;->compareAndSwapObject(Ljava/lang/Object;JLjava/lang/Object;Ljava/lang/Object;)Z (greylist, linking, allowed)
07-29 20:29:45.819 25934 25934 I ViewInteraction: Performing 'send keyCode: 4, metaState: 0 key event' action on view view.getRootView() to equal view
07-29 20:29:45.832 20940 22765 W InputReader: Device has associated, but no associated display id.
07-29 20:29:45.832 20940 22765 I chatty  : uid=1000(system) Binder:20940_18 identical 8 lines
07-29 20:29:45.832 20940 22765 W InputReader: Device has associated, but no associated display id.
07-29 20:29:45.837 25934 25934 D OneSignal: onActivityPaused: com.example.help_m5.FacilityActivity@29d9147
07-29 20:29:45.837 25934 25934 D OneSignal: ActivityLifecycleHandler Handling lost focus
07-29 20:29:45.837 25934 25934 D OneSignal: Application stopped focus time: 71401619 timeElapsed: 11
07-29 20:29:45.838 25934 25934 D OneSignal: FocusTimeProcessorUnattributed:saveUnsentActiveData with lastFocusTimeInfluences: [SessionInfluence{influenceChannel=iam, influenceType=DISABLED, ids=null}, SessionInfluence{influenceChannel=notification, influenceType=DISABLED, ids=null}]
07-29 20:29:45.838 25934 25934 D OneSignal: FocusTimeProcessorUnattributed:getUnsentActiveTime: 34020
07-29 20:29:45.838 25934 25934 D OneSignal: FocusTimeProcessorUnattributed:saveUnsentActiveTime: 34031
07-29 20:29:45.839 25934 25934 D OneSignal: curActivity is NOW: null
07-29 20:29:45.847 25934 25934 W example.help_m: Accessing hidden method Lsun/misc/Unsafe;->getObject(Ljava/lang/Object;J)Ljava/lang/Object; (greylist, linking, allowed)
07-29 20:29:45.849 25934 25934 D LifecycleMonitor: Lifecycle status change: com.example.help_m5.FacilityActivity@29d9147 in: PAUSED
07-29 20:29:45.849 25934 26103 W example.help_m: Accessing hidden method Lsun/misc/Unsafe;->putLong(Ljava/lang/Object;JJ)V (greylist, linking, allowed)
07-29 20:29:45.850 25934 25934 V ActivityScenario: Activity lifecycle changed event received but ignored because the intent does not match. startActivityIntent=Intent { cmp=com.example.help_m5/.LoginActivity }, activity.getIntent()=Intent { cmp=com.example.help_m5/.FacilityActivity (has extras) }, activity=com.example.help_m5.FacilityActivity@29d9147
07-29 20:29:45.856 20940 21225 W InputReader: Device has associated, but no associated display id.
07-29 20:29:45.864 20940 21225 I chatty  : uid=1000(system) Binder:20940_6 identical 28 lines
07-29 20:29:45.864 20940 21225 W InputReader: Device has associated, but no associated display id.
07-29 20:29:45.871 25934 25934 D LifecycleMonitor: Lifecycle status change: com.example.help_m5.MainActivity@157fa8 in: RESTARTED
07-29 20:29:45.871 25934 25934 V ActivityScenario: Activity lifecycle changed event received but ignored because the intent does not match. startActivityIntent=Intent { cmp=com.example.help_m5/.LoginActivity }, activity.getIntent()=Intent { cmp=com.example.help_m5/.MainActivity (has extras) }, activity=com.example.help_m5.MainActivity@157fa8
07-29 20:29:45.873 25934 25934 D LifecycleMonitor: Lifecycle status change: com.example.help_m5.MainActivity@157fa8 in: STARTED
07-29 20:29:45.873 25934 25934 V ActivityScenario: Activity lifecycle changed event received but ignored because the intent does not match. startActivityIntent=Intent { cmp=com.example.help_m5/.LoginActivity }, activity.getIntent()=Intent { cmp=com.example.help_m5/.MainActivity (has extras) }, activity=com.example.help_m5.MainActivity@157fa8
07-29 20:29:45.874 25934 25934 D OneSignal: onActivityResumed: com.example.help_m5.MainActivity@157fa8
07-29 20:29:45.875 25934 25934 D OneSignal: curActivity is NOW: com.example.help_m5.MainActivity:com.example.help_m5.MainActivity@157fa8
07-29 20:29:45.875 25934 25934 D OneSignal: ActivityLifecycleHandler handleFocus, nextResumeIsFirstActivity: false
07-29 20:29:45.875 25934 25934 D OneSignal: ActivityLifecycleHandler cancel background lost focus worker
07-29 20:29:45.875 25934 25934 D LifecycleMonitor: Lifecycle status change: com.example.help_m5.MainActivity@157fa8 in: RESUMED
07-29 20:29:45.875 25934 25934 V ActivityScenario: Activity lifecycle changed event received but ignored because the intent does not match. startActivityIntent=Intent { cmp=com.example.help_m5/.LoginActivity }, activity.getIntent()=Intent { cmp=com.example.help_m5/.MainActivity (has extras) }, activity=com.example.help_m5.MainActivity@157fa8
07-29 20:29:45.876 25934 25934 D EntertainmentsFragment: onSearch in onResume: false
07-29 20:29:45.909 25934 25934 D databaseConnection: updateUserInfo params is {user_logo=, _id=lufei8351@gmail.com, username=}
07-29 20:29:45.910 25934 25934 D EntertainmentsFragment: current page selfUpdate: 1
07-29 20:29:45.910 25934 25934 D TESTING : studys.json
07-29 20:29:45.911 25934 25934 D TESTING : Not here
07-29 20:29:45.984 25934 25934 D databaseConnection: url in searchFacilities is :http://20.213.243.141:8080/facility/newest
07-29 20:29:45.985 25934 25934 D databaseConnection: {type=1}
07-29 20:29:45.990 25934 25934 E libprocessgroup: set_timerslack_ns write failed: Operation not permitted
07-29 20:29:46.009  1803  2665 D gralloc_ranchu: gralloc_alloc: Creating ashmem region of size 9334784
07-29 20:29:46.029  1803  2665 D gralloc_ranchu: gralloc_alloc: Creating ashmem region of size 9334784
07-29 20:29:46.034  1803  8841 D gralloc_ranchu: gralloc_alloc: Creating ashmem region of size 9334784
07-29 20:29:46.085 25934 25980 D EGL_emulation: eglMakeCurrent: 0xeb0541c0: ver 2 0 (tinfo 0xdfec7300)
07-29 20:29:46.107 25934 25980 D EGL_emulation: eglMakeCurrent: 0xeb0541c0: ver 2 0 (tinfo 0xdfec7300)
07-29 20:29:46.118 20940 20962 W InputReader: Device has associated, but no associated display id.
07-29 20:29:46.124 20940 20962 I chatty  : uid=1000(system) android.anim identical 18 lines
07-29 20:29:46.124 20940 20962 W InputReader: Device has associated, but no associated display id.
07-29 20:29:46.139 25934 25980 D EGL_emulation: eglMakeCurrent: 0xeb0541c0: ver 2 0 (tinfo 0xdfec7300)
07-29 20:29:46.264 25934 25934 D databaseConnection: updateUserInfo response is {"_id":"lufei8351@gmail.com","account_type":0,"account_status":0,"username":"Peter Na","user_logo":"https:\/\/lh3.googleusercontent.com\/a-\/AOh14Gj8GMMhE_szu5WGr9670fHSjtKnVXth36eNHkk5Rw","number_of_credit":18,"number_of_rate":1650,"number_of_reply":28,"number_of_facility":0}
07-29 20:29:46.268 25934 25934 D LoadToScreen: Finish load all
07-29 20:29:46.419 25934 25934 D databaseConnection: current page db: 1
07-29 20:29:46.420 25934 25934 D databaseConnection: response searchFacilities is: {"result":[[10,0,"the studys","used for testing purpose, do not have any usefuil onformation,","2022\/6\/30"],[9,null,"study for midterm","lets study together in the library\n\nmidterm is coming\n\noh god 50 characters","2022\/6\/27"],[8,0.04216867469879518,"ICICS Building","The ICICS building is open 8 am - 5 pm, after which an active key fob or access card is required for access (contact access@icics.ubc.ca to renew\/request). ","2022\/7\/10"],[7,0.0379746835443038,"Fred Kaiser Building","Place for UBC ECE students and stuff with Starbucks and Engineering Services first floor.","2022\/6\/11"],[6,4.2272727272727275,"Earth Sciences Building","The former proposal is for the current Earth Systems Science Building (ESSB) which includes teaching, laboratory, and office spaces for the Department of Earth and Ocean Science (EOS), the Department of Statistics, the Pacific Institute for Mathematical Sciences (PIMS), the Dean of Science, and the Pacific Museum of the Earth (PME).","2022\/07\/06"],[5,0.09090909090909091,"UBC Life Building","The UBC Life Building is a central and vibrant hub to study, work out, grab a bite to eat, and access student services and programs.","2022\/07\/06"],[4,4.3061224489795915,"Ponderosa Study Rooms","Three study rooms located next to Mercante Caf are available on a first-come, first-serve basis. Rooms are furnished with group tables and chairs.","2022\/07\/06"],[3,4.346153846153846,"Woodward Library","The Woodward Library is located on the east side of Health Sciences Mall in the Health Sciences Complex northwest of the UBC Hospital.","2022\/07\/06"],[2,4.276595744680851,"Walter C. Koerner Library","The Walter C. Koerner Library is an academic library at the Vancouver campus of the University of British Columbia. The library is named after Walter C. Koerner, a Canadian businessman and philanthropist.","2022\/07\/06"],[1,2.5,"The Irving K. Barber Learning Centre","The Irving K. Barber Learning Centre is a facility at the Vancouver campus of the University of British Columbia. The Learning Centre is built around the refurbished core of the 1925 UBC Main Library.","2022\/07\/06"]],"length":10,"current_page":1}
07-29 20:29:46.471  1791 21167 E GnssHAL_GnssInterface: gnssSvStatusCb: a: input svInfo.flags is 8
07-29 20:29:46.471  1791 21167 E GnssHAL_GnssInterface: gnssSvStatusCb: b: input svInfo.flags is 8
07-29 20:29:46.572 25934 25934 D OneSignal: onActivityStopped: com.example.help_m5.FacilityActivity@29d9147
07-29 20:29:46.572 25934 25934 D OneSignal: curActivity is NOW: com.example.help_m5.MainActivity:com.example.help_m5.MainActivity@157fa8
07-29 20:29:46.573 25934 25934 D LifecycleMonitor: Lifecycle status change: com.example.help_m5.FacilityActivity@29d9147 in: STOPPED
07-29 20:29:46.573 25934 25934 V ActivityScenario: Activity lifecycle changed event received but ignored because the intent does not match. startActivityIntent=Intent { cmp=com.example.help_m5/.LoginActivity }, activity.getIntent()=Intent { cmp=com.example.help_m5/.FacilityActivity (has extras) }, activity=com.example.help_m5.FacilityActivity@29d9147
07-29 20:29:46.577 25934 25934 D OneSignal: onActivityDestroyed: com.example.help_m5.FacilityActivity@29d9147
07-29 20:29:46.577 25934 25934 D OneSignal: curActivity is NOW: com.example.help_m5.MainActivity:com.example.help_m5.MainActivity@157fa8
07-29 20:29:46.578 25934 25934 D LifecycleMonitor: Lifecycle status change: com.example.help_m5.FacilityActivity@29d9147 in: DESTROYED
07-29 20:29:46.579 25934 25934 V ActivityScenario: Activity lifecycle changed event received but ignored because the intent does not match. startActivityIntent=Intent { cmp=com.example.help_m5/.LoginActivity }, activity.getIntent()=Intent { cmp=com.example.help_m5/.FacilityActivity (has extras) }, activity=com.example.help_m5.FacilityActivity@29d9147
07-29 20:29:46.657 25934 25972 W example.help_m: Accessing hidden method Lsun/misc/Unsafe;->compareAndSwapObject(Ljava/lang/Object;JLjava/lang/Object;Ljava/lang/Object;)Z (greylist, linking, allowed)
07-29 20:29:46.663 25934 25934 I ViewInteraction: Performing 'open drawer with gravity 8388611' action on view view.getId() is <2131296470/com.example.help_m5:id/drawer_layout>
07-29 20:29:46.779 25934 26005 D OneSignal: UserStateSynchronizer internalSyncUserState from session call: false jsonBody: null
07-29 20:29:46.780 25934 26005 V OneSignal: Completed request to update external user id for channel: email and success: true
07-29 20:29:46.780 25934 26005 V OneSignal: External user id handlers are still being processed for channel: push , wait until finished before proceeding
07-29 20:29:46.784 25934 26004 D OneSignal: UserStateSynchronizer internalSyncUserState from session call: false jsonBody: null
07-29 20:29:46.786 25934 26004 V OneSignal: Completed request to update external user id for channel: push and success: true
07-29 20:29:46.978 25934 25947 I example.help_m: Background young concurrent copying GC freed 50808(3749KB) AllocSpace objects, 29(1008KB) LOS objects, 41% free, 7168KB/11MB, paused 7.595ms total 92.776ms
07-29 20:29:47.108 25934 25934 I ViewInteraction: Performing 'click on menu item with id' action on view view.getId() is <2131296685/com.example.help_m5:id/nav_view>
07-29 20:29:47.470  1791 21167 E GnssHAL_GnssInterface: gnssSvStatusCb: a: input svInfo.flags is 8
07-29 20:29:47.470  1791 21167 E GnssHAL_GnssInterface: gnssSvStatusCb: b: input svInfo.flags is 8
07-29 20:29:47.584 25934 25934 D OneSignal: onActivityPaused: com.example.help_m5.MainActivity@157fa8
07-29 20:29:47.584 25934 25934 D OneSignal: ActivityLifecycleHandler Handling lost focus
07-29 20:29:47.584 25934 25934 D OneSignal: Application stopped focus time: 71401619 timeElapsed: 13
07-29 20:29:47.585 25934 25934 D OneSignal: FocusTimeProcessorUnattributed:saveUnsentActiveData with lastFocusTimeInfluences: [SessionInfluence{influenceChannel=iam, influenceType=DISABLED, ids=null}, SessionInfluence{influenceChannel=notification, influenceType=DISABLED, ids=null}]
07-29 20:29:47.585 25934 25934 D OneSignal: FocusTimeProcessorUnattributed:getUnsentActiveTime: 34031
07-29 20:29:47.585 25934 25934 D OneSignal: FocusTimeProcessorUnattributed:saveUnsentActiveTime: 34044
07-29 20:29:47.587 25934 25934 D OneSignal: curActivity is NOW: null
07-29 20:29:47.589 25934 25934 D LifecycleMonitor: Lifecycle status change: com.example.help_m5.MainActivity@157fa8 in: PAUSED
07-29 20:29:47.589 25934 25934 V ActivityScenario: Activity lifecycle changed event received but ignored because the intent does not match. startActivityIntent=Intent { cmp=com.example.help_m5/.LoginActivity }, activity.getIntent()=Intent { cmp=com.example.help_m5/.MainActivity (has extras) }, activity=com.example.help_m5.MainActivity@157fa8
07-29 20:29:47.591 20940 24268 W InputReader: Device has associated, but no associated display id.
07-29 20:29:47.602 20940 24268 I chatty  : uid=1000(system) Binder:20940_1C identical 48 lines
07-29 20:29:47.602 20940 24268 W InputReader: Device has associated, but no associated display id.
07-29 20:29:47.608 25934 25934 W ActivityThread: handleWindowVisibility: no activity for token android.os.BinderProxy@8da25ad
07-29 20:29:47.627 25934 25934 D LifecycleMonitor: Lifecycle status change: androidx.test.core.app.InstrumentationActivityInvoker$EmptyActivity@1799c73 in: PRE_ON_CREATE
07-29 20:29:47.636 25934 25934 V ActivityScenario: Activity lifecycle changed event received but ignored because the intent does not match. startActivityIntent=Intent { cmp=com.example.help_m5/.LoginActivity }, activity.getIntent()=Intent { act=android.intent.action.MAIN cat=[android.intent.category.LAUNCHER] flg=0x10000000 cmp=com.example.help_m5/androidx.test.core.app.InstrumentationActivityInvoker$EmptyActivity }, activity=androidx.test.core.app.InstrumentationActivityInvoker$EmptyActivity@1799c73
07-29 20:29:47.653 25934 25934 D LifecycleMonitor: Lifecycle status change: androidx.test.core.app.InstrumentationActivityInvoker$EmptyActivity@1799c73 in: CREATED
07-29 20:29:47.654 25934 25934 V ActivityScenario: Activity lifecycle changed event received but ignored because the intent does not match. startActivityIntent=Intent { cmp=com.example.help_m5/.LoginActivity }, activity.getIntent()=Intent { act=android.intent.action.MAIN cat=[android.intent.category.LAUNCHER] flg=0x10000000 cmp=com.example.help_m5/androidx.test.core.app.InstrumentationActivityInvoker$EmptyActivity }, activity=androidx.test.core.app.InstrumentationActivityInvoker$EmptyActivity@1799c73
07-29 20:29:47.658 25934 25934 D LifecycleMonitor: Lifecycle status change: androidx.test.core.app.InstrumentationActivityInvoker$EmptyActivity@1799c73 in: STARTED
07-29 20:29:47.666 25934 25934 V ActivityScenario: Activity lifecycle changed event received but ignored because the intent does not match. startActivityIntent=Intent { cmp=com.example.help_m5/.LoginActivity }, activity.getIntent()=Intent { act=android.intent.action.MAIN cat=[android.intent.category.LAUNCHER] flg=0x10000000 cmp=com.example.help_m5/androidx.test.core.app.InstrumentationActivityInvoker$EmptyActivity }, activity=androidx.test.core.app.InstrumentationActivityInvoker$EmptyActivity@1799c73
07-29 20:29:47.668 25934 25934 D OneSignal: onActivityResumed: androidx.test.core.app.InstrumentationActivityInvoker$EmptyActivity@1799c73
07-29 20:29:47.669 25934 25934 D OneSignal: curActivity is NOW: androidx.test.core.app.InstrumentationActivityInvoker$EmptyActivity:androidx.test.core.app.InstrumentationActivityInvoker$EmptyActivity@1799c73
07-29 20:29:47.669 25934 25934 D OneSignal: ActivityLifecycleHandler handleFocus, nextResumeIsFirstActivity: false
07-29 20:29:47.671 25934 25934 D OneSignal: ActivityLifecycleHandler cancel background lost focus worker
07-29 20:29:47.674 25934 25934 D LifecycleMonitor: Lifecycle status change: androidx.test.core.app.InstrumentationActivityInvoker$EmptyActivity@1799c73 in: RESUMED
07-29 20:29:47.674 25934 25934 V ActivityScenario: Activity lifecycle changed event received but ignored because the intent does not match. startActivityIntent=Intent { cmp=com.example.help_m5/.LoginActivity }, activity.getIntent()=Intent { act=android.intent.action.MAIN cat=[android.intent.category.LAUNCHER] flg=0x10000000 cmp=com.example.help_m5/androidx.test.core.app.InstrumentationActivityInvoker$EmptyActivity }, activity=androidx.test.core.app.InstrumentationActivityInvoker$EmptyActivity@1799c73
07-29 20:29:47.728  1803  8841 D gralloc_ranchu: gralloc_alloc: Creating ashmem region of size 9334784
07-29 20:29:47.749 25934 25980 D EGL_emulation: eglMakeCurrent: 0xeb0541c0: ver 2 0 (tinfo 0xdfec7300)
07-29 20:29:47.749  1803  8841 D gralloc_ranchu: gralloc_alloc: Creating ashmem region of size 9334784
07-29 20:29:47.761  1803  8841 D gralloc_ranchu: gralloc_alloc: Creating ashmem region of size 9334784
07-29 20:29:47.817 25934 25980 D EGL_emulation: eglMakeCurrent: 0xeb0541c0: ver 2 0 (tinfo 0xdfec7300)
07-29 20:29:47.823 20940 20962 W InputReader: Device has associated, but no associated display id.
07-29 20:29:47.824 20940 20962 I chatty  : uid=1000(system) android.anim identical 18 lines
07-29 20:29:47.824 20940 20962 W InputReader: Device has associated, but no associated display id.
07-29 20:29:47.838 25934 25934 D OneSignal: onActivityDestroyed: com.example.help_m5.LoginActivity@6c95d2b
07-29 20:29:47.838 25934 25934 D OneSignal: curActivity is NOW: androidx.test.core.app.InstrumentationActivityInvoker$EmptyActivity:androidx.test.core.app.InstrumentationActivityInvoker$EmptyActivity@1799c73
07-29 20:29:47.841 25934 25934 D LifecycleMonitor: Lifecycle status change: com.example.help_m5.LoginActivity@6c95d2b in: DESTROYED
07-29 20:29:47.841 25934 25934 V ActivityScenario: Update currentActivityStage to DESTROYED, currentActivity=null
07-29 20:29:47.863 25934 25980 D EGL_emulation: eglMakeCurrent: 0xeb0541c0: ver 2 0 (tinfo 0xdfec7300)
07-29 20:29:47.878 25934 25980 D EGL_emulation: eglMakeCurrent: 0xeb0541c0: ver 2 0 (tinfo 0xdfec7300)
07-29 20:29:47.881 25934 25934 D OneSignal: onActivityPaused: androidx.test.core.app.InstrumentationActivityInvoker$EmptyActivity@1799c73
07-29 20:29:47.881 25934 25934 D OneSignal: ActivityLifecycleHandler Handling lost focus
07-29 20:29:47.881 25934 25934 D OneSignal: Application stopped focus time: 71401619 timeElapsed: 13
07-29 20:29:47.882 25934 25934 D OneSignal: FocusTimeProcessorUnattributed:saveUnsentActiveData with lastFocusTimeInfluences: [SessionInfluence{influenceChannel=iam, influenceType=DISABLED, ids=null}, SessionInfluence{influenceChannel=notification, influenceType=DISABLED, ids=null}]
07-29 20:29:47.882 25934 25934 D OneSignal: FocusTimeProcessorUnattributed:getUnsentActiveTime: 34044
07-29 20:29:47.882 25934 25934 D OneSignal: FocusTimeProcessorUnattributed:saveUnsentActiveTime: 34057
07-29 20:29:47.883 25934 25934 D OneSignal: curActivity is NOW: null
07-29 20:29:47.884 25934 25934 D LifecycleMonitor: Lifecycle status change: androidx.test.core.app.InstrumentationActivityInvoker$EmptyActivity@1799c73 in: PAUSED
07-29 20:29:47.890 25934 25934 V ActivityScenario: Activity lifecycle changed event received but ignored because the intent does not match. startActivityIntent=Intent { cmp=com.example.help_m5/.LoginActivity }, activity.getIntent()=Intent { act=android.intent.action.MAIN cat=[android.intent.category.LAUNCHER] flg=0x10000000 cmp=com.example.help_m5/androidx.test.core.app.InstrumentationActivityInvoker$EmptyActivity }, activity=androidx.test.core.app.InstrumentationActivityInvoker$EmptyActivity@1799c73
07-29 20:29:47.893 20940 24268 W InputReader: Device has associated, but no associated display id.
07-29 20:29:47.900 20940 24268 I chatty  : uid=1000(system) Binder:20940_1C identical 48 lines
07-29 20:29:47.900 20940 24268 W InputReader: Device has associated, but no associated display id.
07-29 20:29:47.904 25934 25934 D OneSignal: onActivityDestroyed: androidx.test.core.app.InstrumentationActivityInvoker$BootstrapActivity@85cf935
07-29 20:29:47.904 25934 25934 D OneSignal: curActivity is NOW: null
07-29 20:29:47.906 25934 25934 D LifecycleMonitor: Lifecycle status change: androidx.test.core.app.InstrumentationActivityInvoker$BootstrapActivity@85cf935 in: DESTROYED
07-29 20:29:47.911 25934 25934 V ActivityScenario: Activity lifecycle changed event received but ignored because the intent does not match. startActivityIntent=Intent { cmp=com.example.help_m5/.LoginActivity }, activity.getIntent()=Intent { act=android.intent.action.MAIN cat=[android.intent.category.LAUNCHER] flg=0x10008000 cmp=com.example.help_m5/androidx.test.core.app.InstrumentationActivityInvoker$BootstrapActivity (has extras) }, activity=androidx.test.core.app.InstrumentationActivityInvoker$BootstrapActivity@85cf935
07-29 20:29:47.924 25934 25934 W ActivityThread: handleWindowVisibility: no activity for token android.os.BinderProxy@40b47bf
07-29 20:29:47.935 25934 25934 D LifecycleMonitor: Lifecycle status change: androidx.test.core.app.InstrumentationActivityInvoker$EmptyActivity@563ee8c in: PRE_ON_CREATE
07-29 20:29:47.936 25934 25934 V ActivityScenario: Activity lifecycle changed event received but ignored because the intent does not match. startActivityIntent=Intent { cmp=com.example.help_m5/.LoginActivity }, activity.getIntent()=Intent { act=android.intent.action.MAIN cat=[android.intent.category.LAUNCHER] flg=0x10000000 cmp=com.example.help_m5/androidx.test.core.app.InstrumentationActivityInvoker$EmptyActivity }, activity=androidx.test.core.app.InstrumentationActivityInvoker$EmptyActivity@563ee8c
07-29 20:29:47.945 25934 25934 D LifecycleMonitor: Lifecycle status change: androidx.test.core.app.InstrumentationActivityInvoker$EmptyActivity@563ee8c in: CREATED
07-29 20:29:47.945 25934 25934 V ActivityScenario: Activity lifecycle changed event received but ignored because the intent does not match. startActivityIntent=Intent { cmp=com.example.help_m5/.LoginActivity }, activity.getIntent()=Intent { act=android.intent.action.MAIN cat=[android.intent.category.LAUNCHER] flg=0x10000000 cmp=com.example.help_m5/androidx.test.core.app.InstrumentationActivityInvoker$EmptyActivity }, activity=androidx.test.core.app.InstrumentationActivityInvoker$EmptyActivity@563ee8c
07-29 20:29:47.948 25934 25934 D LifecycleMonitor: Lifecycle status change: androidx.test.core.app.InstrumentationActivityInvoker$EmptyActivity@563ee8c in: STARTED
07-29 20:29:47.948 25934 25934 V ActivityScenario: Activity lifecycle changed event received but ignored because the intent does not match. startActivityIntent=Intent { cmp=com.example.help_m5/.LoginActivity }, activity.getIntent()=Intent { act=android.intent.action.MAIN cat=[android.intent.category.LAUNCHER] flg=0x10000000 cmp=com.example.help_m5/androidx.test.core.app.InstrumentationActivityInvoker$EmptyActivity }, activity=androidx.test.core.app.InstrumentationActivityInvoker$EmptyActivity@563ee8c
07-29 20:29:47.949 25934 25934 D OneSignal: onActivityResumed: androidx.test.core.app.InstrumentationActivityInvoker$EmptyActivity@563ee8c
07-29 20:29:47.949 25934 25934 D OneSignal: curActivity is NOW: androidx.test.core.app.InstrumentationActivityInvoker$EmptyActivity:androidx.test.core.app.InstrumentationActivityInvoker$EmptyActivity@563ee8c
07-29 20:29:47.949 25934 25934 D OneSignal: ActivityLifecycleHandler handleFocus, nextResumeIsFirstActivity: false
07-29 20:29:47.949 25934 25934 D OneSignal: ActivityLifecycleHandler cancel background lost focus worker
07-29 20:29:47.950 25934 25934 D LifecycleMonitor: Lifecycle status change: androidx.test.core.app.InstrumentationActivityInvoker$EmptyActivity@563ee8c in: RESUMED
07-29 20:29:47.951 25934 25934 V ActivityScenario: Activity lifecycle changed event received but ignored because the intent does not match. startActivityIntent=Intent { cmp=com.example.help_m5/.LoginActivity }, activity.getIntent()=Intent { act=android.intent.action.MAIN cat=[android.intent.category.LAUNCHER] flg=0x10000000 cmp=com.example.help_m5/androidx.test.core.app.InstrumentationActivityInvoker$EmptyActivity }, activity=androidx.test.core.app.InstrumentationActivityInvoker$EmptyActivity@563ee8c
07-29 20:29:47.964 25934 25934 D OneSignal: onActivityStopped: com.example.help_m5.MainActivity@157fa8
07-29 20:29:47.964 25934 25934 D OneSignal: curActivity is NOW: androidx.test.core.app.InstrumentationActivityInvoker$EmptyActivity:androidx.test.core.app.InstrumentationActivityInvoker$EmptyActivity@563ee8c
07-29 20:29:47.966 25934 25934 D LifecycleMonitor: Lifecycle status change: com.example.help_m5.MainActivity@157fa8 in: STOPPED
07-29 20:29:47.966 25934 25934 V ActivityScenario: Activity lifecycle changed event received but ignored because the intent does not match. startActivityIntent=Intent { cmp=com.example.help_m5/.LoginActivity }, activity.getIntent()=Intent { cmp=com.example.help_m5/.MainActivity (has extras) }, activity=com.example.help_m5.MainActivity@157fa8
07-29 20:29:48.006  1803  8841 D gralloc_ranchu: gralloc_alloc: Creating ashmem region of size 9334784
07-29 20:29:48.022  1803  8841 D gralloc_ranchu: gralloc_alloc: Creating ashmem region of size 9334784
07-29 20:29:48.027  1803  2665 D gralloc_ranchu: gralloc_alloc: Creating ashmem region of size 9334784
07-29 20:29:48.107 25934 25980 D EGL_emulation: eglMakeCurrent: 0xeb0541c0: ver 2 0 (tinfo 0xdfec7300)
07-29 20:29:48.132 20940 20962 W InputReader: Device has associated, but no associated display id.
07-29 20:29:48.133 20940 20962 I chatty  : uid=1000(system) android.anim identical 18 lines
07-29 20:29:48.133 20940 20962 W InputReader: Device has associated, but no associated display id.
07-29 20:29:48.160 20940 24268 W InputReader: Device has associated, but no associated display id.
07-29 20:29:48.160 20940 24268 I chatty  : uid=1000(system) Binder:20940_1C identical 8 lines
07-29 20:29:48.160 20940 24268 W InputReader: Device has associated, but no associated display id.
07-29 20:29:48.193 25934 25934 D OneSignal: onActivityPaused: androidx.test.core.app.InstrumentationActivityInvoker$EmptyActivity@563ee8c
07-29 20:29:48.194 25934 25934 D OneSignal: ActivityLifecycleHandler Handling lost focus
07-29 20:29:48.194 25934 25934 D OneSignal: Application stopped focus time: 71401619 timeElapsed: 13
07-29 20:29:48.195 25934 25934 D OneSignal: FocusTimeProcessorUnattributed:saveUnsentActiveData with lastFocusTimeInfluences: [SessionInfluence{influenceChannel=iam, influenceType=DISABLED, ids=null}, SessionInfluence{influenceChannel=notification, influenceType=DISABLED, ids=null}]
07-29 20:29:48.197 25934 25934 D OneSignal: FocusTimeProcessorUnattributed:getUnsentActiveTime: 34057
07-29 20:29:48.197 25934 25934 D OneSignal: FocusTimeProcessorUnattributed:saveUnsentActiveTime: 34070
07-29 20:29:48.198 25934 25934 D OneSignal: curActivity is NOW: null
07-29 20:29:48.199 25934 25934 D LifecycleMonitor: Lifecycle status change: androidx.test.core.app.InstrumentationActivityInvoker$EmptyActivity@563ee8c in: PAUSED
07-29 20:29:48.200 25934 25934 V ActivityScenario: Activity lifecycle changed event received but ignored because the intent does not match. startActivityIntent=Intent { cmp=com.example.help_m5/.LoginActivity }, activity.getIntent()=Intent { act=android.intent.action.MAIN cat=[android.intent.category.LAUNCHER] flg=0x10000000 cmp=com.example.help_m5/androidx.test.core.app.InstrumentationActivityInvoker$EmptyActivity }, activity=androidx.test.core.app.InstrumentationActivityInvoker$EmptyActivity@563ee8c
07-29 20:29:48.204 20940 23588 W InputReader: Device has associated, but no associated display id.
07-29 20:29:48.208 20940 23588 I chatty  : uid=1000(system) Binder:20940_1A identical 28 lines
07-29 20:29:48.208 20940 23588 W InputReader: Device has associated, but no associated display id.
07-29 20:29:48.215 25934 25934 D LifecycleMonitor: Lifecycle status change: com.example.help_m5.MainActivity@157fa8 in: RESTARTED
07-29 20:29:48.215 25934 25934 V ActivityScenario: Activity lifecycle changed event received but ignored because the intent does not match. startActivityIntent=Intent { cmp=com.example.help_m5/.LoginActivity }, activity.getIntent()=Intent { cmp=com.example.help_m5/.MainActivity (has extras) }, activity=com.example.help_m5.MainActivity@157fa8
07-29 20:29:48.220 25934 25934 D LifecycleMonitor: Lifecycle status change: com.example.help_m5.MainActivity@157fa8 in: STARTED
07-29 20:29:48.222 25934 25934 V ActivityScenario: Activity lifecycle changed event received but ignored because the intent does not match. startActivityIntent=Intent { cmp=com.example.help_m5/.LoginActivity }, activity.getIntent()=Intent { cmp=com.example.help_m5/.MainActivity (has extras) }, activity=com.example.help_m5.MainActivity@157fa8
07-29 20:29:48.224 25934 25934 D OneSignal: onActivityResumed: com.example.help_m5.MainActivity@157fa8
07-29 20:29:48.225 25934 25934 D OneSignal: curActivity is NOW: com.example.help_m5.MainActivity:com.example.help_m5.MainActivity@157fa8
07-29 20:29:48.226 25934 25934 D OneSignal: ActivityLifecycleHandler handleFocus, nextResumeIsFirstActivity: false
07-29 20:29:48.227 25934 25934 D OneSignal: ActivityLifecycleHandler cancel background lost focus worker
07-29 20:29:48.227 25934 25934 D LifecycleMonitor: Lifecycle status change: com.example.help_m5.MainActivity@157fa8 in: RESUMED
07-29 20:29:48.228 25934 25934 V ActivityScenario: Activity lifecycle changed event received but ignored because the intent does not match. startActivityIntent=Intent { cmp=com.example.help_m5/.LoginActivity }, activity.getIntent()=Intent { cmp=com.example.help_m5/.MainActivity (has extras) }, activity=com.example.help_m5.MainActivity@157fa8
07-29 20:29:48.253  1803  2665 D gralloc_ranchu: gralloc_alloc: Creating ashmem region of size 9334784
07-29 20:29:48.266  1803  2665 D gralloc_ranchu: gralloc_alloc: Creating ashmem region of size 9334784
07-29 20:29:48.286 25934 25980 D EGL_emulation: eglMakeCurrent: 0xeb0541c0: ver 2 0 (tinfo 0xdfec7300)
07-29 20:29:48.287  1803  2665 D gralloc_ranchu: gralloc_alloc: Creating ashmem region of size 9334784
07-29 20:29:48.308 20940 20962 W InputReader: Device has associated, but no associated display id.
07-29 20:29:48.310 20940 20962 I chatty  : uid=1000(system) android.anim identical 18 lines
07-29 20:29:48.310 20940 20962 W InputReader: Device has associated, but no associated display id.
07-29 20:29:48.367 25934 25972 I TestRunner: finished: testLogOutFromFacility(com.example.help_m5.non_functional_tests.LogOutTests)
